2026-05-05T16:50:29.6662575Z,Updating submodules.,439d4dd3-9551-4a16-a2af-f4e26a7e1386,0
2026-05-05T16:50:30.8017865Z,Preparing deployment for commit id '37b0d39b-f'.,a1ccd4d4-99b3-4ef0-a696-256f0e23acce,0
2026-05-05T16:50:31.3747305Z,PreDeployment: context.CleanOutputPath False,b0d59d78-64eb-4a21-aaaf-4fc4327c3e24,0
2026-05-05T16:50:31.6906580Z,PreDeployment: context.OutputPath /home/site/wwwroot,482f0581-0c15-4760-a23d-0f4dcef6144c,0
2026-05-05T16:50:31.8864108Z,Repository path is /tmp/zipdeploy/extracted,e9f68a27-67c8-4460-8ba7-cba3d9eefc1f,0
2026-05-05T16:50:32.0288720Z,Running oryx build...,c655c1c7-2672-4168-97ff-52ab9c3bdfba,0
	2026-05-05T16:50:32.0578108Z,Command: oryx build /tmp/zipdeploy/extracted -o /home/site/wwwroot --platform python --platform-version 3.12 -p virtualenv_name=antenv --log-file /tmp/build-debug.log  -i /tmp/8deaac66b28ce40 --compress-destination-dir | tee /tmp/oryx-build.log,,0
	2026-05-05T16:50:34.0633549Z,Operation performed by Microsoft Oryx&comma; https://github.com/Microsoft/Oryx,,0
	2026-05-05T16:50:34.1122697Z,You can report issues at https://github.com/Microsoft/Oryx/issues,,0
	2026-05-05T16:50:34.2216528Z,,,0
	2026-05-05T16:50:34.2826000Z,Oryx Version: 0.2.20260420.1+83c04e9ee1882dc90d279b63348824daedbd3c96&comma; Commit: 83c04e9ee1882dc90d279b63348824daedbd3c96&comma; ReleaseTagName: 20260420.1,,0
	2026-05-05T16:50:34.3469716Z,,,0
	2026-05-05T16:50:34.3957630Z,Build Operation ID: 04af1ba58f106a9d,,0
	2026-05-05T16:50:34.4731334Z,Repository Commit : 37b0d39b-f84b-4d44-9475-aa7bed11ef22,,0
	2026-05-05T16:50:34.5113450Z,OS Type           : bullseye,,0
	2026-05-05T16:50:34.5399095Z,Image Type        : githubactions,,0
	2026-05-05T16:50:34.6089794Z,,,0
	2026-05-05T16:50:34.6405183Z,Primary SDK Storage URL: https://oryx-cdn.microsoft.io,,0
	2026-05-05T16:50:34.6821714Z,Backup SDK Storage URL: ,,0
	2026-05-05T16:50:34.7473660Z,ACR SDK Registry URL: (not set),,0
	2026-05-05T16:50:34.8088681Z,SDK provider status:,,0
	2026-05-05T16:50:34.8780630Z,  External ACR SDK provider: Disabled,,0
	2026-05-05T16:50:34.9563448Z,  External SDK provider: Enabled,,0
	2026-05-05T16:50:35.0077589Z,  Direct ACR SDK provider: Disabled,,0
	2026-05-05T16:50:35.0524824Z,  Blob SDK provider: Enabled,,0
	2026-05-05T16:50:35.0846409Z,Detecting platforms...,,0
	2026-05-05T16:50:35.1447409Z,Requesting metadata for platform python from external SDK provider,,0
	2026-05-05T16:50:35.9747553Z,Requesting metadata for platform python from external SDK provider,,0
	2026-05-05T16:50:36.3035621Z,Version resolved using external SDK provider.,,0
	2026-05-05T16:50:36.4317298Z,Detected following platforms:,,0
	2026-05-05T16:50:36.4793381Z,  python: 3.12.13,,0
	2026-05-05T16:50:37.0873731Z,,,0
	2026-05-05T16:50:37.3163395Z,Using intermediate directory '/tmp/8deaac66b28ce40'.,,0
	2026-05-05T16:50:37.4028832Z,,,0
	2026-05-05T16:50:37.4296329Z,Copying files to the intermediate directory...,,0
	2026-05-05T16:50:37.4728405Z,Copying files to intermediate directory done in 0 sec(s).,,0
	2026-05-05T16:50:37.5276436Z,,,0
	2026-05-05T16:50:37.5681501Z,Source directory     : /tmp/8deaac66b28ce40,,0
	2026-05-05T16:50:37.6083976Z,Destination directory: /home/site/wwwroot,,0
	2026-05-05T16:50:37.6841818Z,,,0
	2026-05-05T16:50:38.0216817Z,Running build script snippets...,,0
	2026-05-05T16:50:38.0903729Z,Python Version: /tmp/oryx/platforms/python/3.12.13/bin/python3.12,,0
	2026-05-05T16:50:38.1775808Z,Creating directory for command manifest file if it does not exist,,0
	2026-05-05T16:50:38.2566972Z,Removing existing manifest file,,0
	2026-05-05T16:50:38.2942121Z,Python Virtual Environment: antenv,,0
	2026-05-05T16:50:38.3701149Z,Creating virtual environment...,,0
	2026-05-05T16:50:38.4197036Z,Executing: /tmp/oryx/platforms/python/3.12.13/bin/python3.12 -m venv antenv --copies --system-site-packages,,0
	2026-05-05T16:50:50.4120561Z,Activating virtual environment...,,0
	2026-05-05T16:50:50.4990512Z,Fast build is enabled,,0
	2026-05-05T16:50:50.5409084Z,Installing uv...,,0
	2026-05-05T16:50:54.0318336Z,Collecting uv,,0
	2026-05-05T16:50:54.1085781Z,  Downloading uv-0.11.9-py3-none-manylinux_2_17_x86_64.manylinux2014_x86_64.whl.metadata (11 kB),,0
	2026-05-05T16:50:55.3528242Z,Downloading uv-0.11.9-py3-none-manylinux_2_17_x86_64.manylinux2014_x86_64.whl (24.7 MB),,0
	2026-05-05T16:50:55.8023377Z,   ━━━━━━━━━━━━━━━━━━━━━━━━━━━━━━━━━━━━━━━━ 24.7/24.7 MB 17.2 MB/s eta 0:00:00,,0
	2026-05-05T16:50:56.3323698Z,Installing collected packages: uv,,0
	2026-05-05T16:50:57.9601053Z,Successfully installed uv-0.11.9,,0
	2026-05-05T16:50:59.4766492Z,,,1
	2026-05-05T16:50:59.4935889Z,Running uv pip install...,,0
	2026-05-05T16:50:59.5231729Z,[notice] A new release of pip is available: 25.0.1 -> 26.1.1,,1
	2026-05-05T16:50:59.5924714Z,[notice] To update&comma; run: pip install --upgrade pip,,1
	2026-05-05T16:53:14.1606100Z,Using Python 3.12.13 environment at: antenv,,0
	2026-05-05T16:53:14.3998748Z,Resolved 40 packages in 1.30s,,0
	2026-05-05T16:53:14.6977095Z,Installed 40 packages in 1.40s,,0
	2026-05-05T16:53:14.7771848Z,Bytecode compiled 2925 files in 2m 11s,,0
	2026-05-05T16:53:14.8866304Z, + aiofiles==24.1.0,,0
	2026-05-05T16:53:14.9523943Z, + annotated-types==0.7.0,,0
	2026-05-05T16:53:15.0027118Z, + anyio==4.13.0,,0
	2026-05-05T16:53:15.0451379Z, + beautifulsoup4==4.14.3,,0
	2026-05-05T16:53:15.1317404Z, + certifi==2026.4.22,,0
	2026-05-05T16:53:15.1949449Z, + charset-normalizer==3.4.7,,0
	2026-05-05T16:53:15.2751764Z, + click==8.3.3,,0
	2026-05-05T16:53:15.3329237Z, + fastapi==0.116.1,,0
	2026-05-05T16:53:15.3727136Z, + frozendict==2.4.7,,0
	2026-05-05T16:53:15.4596382Z, + h11==0.16.0,,0
	2026-05-05T16:53:15.5185132Z, + httpcore==1.0.9,,0
	2026-05-05T16:53:15.5486304Z, + httptools==0.7.1,,0
	2026-05-05T16:53:15.6102946Z, + httpx==0.28.1,,0
	2026-05-05T16:53:15.6573518Z, + idna==3.13,,0
	2026-05-05T16:53:15.6840771Z, + jinja2==3.1.6,,0
	2026-05-05T16:53:15.7327950Z, + markupsafe==3.0.3,,0
	2026-05-05T16:53:15.7555387Z, + multitasking==0.0.13,,0
	2026-05-05T16:53:15.8139475Z, + numpy==2.4.4,,0
	2026-05-05T16:53:15.9023480Z, + pandas==3.0.2,,0
	2026-05-05T16:53:16.0141913Z, + peewee==4.0.5,,0
	2026-05-05T16:53:16.0637063Z, + platformdirs==4.9.6,,0
	2026-05-05T16:53:16.0947027Z, + pydantic==2.13.3,,0
	2026-05-05T16:53:16.1425726Z, + pydantic-core==2.46.3,,0
	2026-05-05T16:53:16.1833519Z, + python-dateutil==2.9.0.post0,,0
	2026-05-05T16:53:16.2309421Z, + python-dotenv==1.2.2,,0
	2026-05-05T16:53:16.3185534Z, + python-multipart==0.0.20,,0
	2026-05-05T16:53:16.4088749Z, + pytz==2026.2,,0
	2026-05-05T16:53:16.5190942Z, + pyyaml==6.0.3,,0
	2026-05-05T16:53:16.5490294Z, + requests==2.33.1,,0
	2026-05-05T16:53:16.6062767Z, + six==1.17.0,,0
	2026-05-05T16:53:16.6579238Z, + soupsieve==2.8.3,,0
	2026-05-05T16:53:16.7372932Z, + starlette==0.47.3,,0
	2026-05-05T16:53:16.7945409Z, + typing-extensions==4.15.0,,0
	2026-05-05T16:53:16.8257134Z, + typing-inspection==0.4.2,,0
	2026-05-05T16:53:16.8659913Z, + urllib3==2.6.3,,0
	2026-05-05T16:53:17.0212728Z, + uvicorn==0.35.0,,0
	2026-05-05T16:53:17.0705647Z, + uvloop==0.22.1,,0
	2026-05-05T16:53:17.1039521Z, + watchfiles==1.1.1,,0
	2026-05-05T16:53:17.1404702Z, + websockets==16.0,,0
	2026-05-05T16:53:17.1739376Z, + yfinance==0.2.54,,0
	2026-05-05T16:53:17.2422045Z,uv pip install done in 144 sec(s).,,0
	2026-05-05T16:53:17.3102640Z,Not a vso image&comma; so not writing build commands,,0
	2026-05-05T16:53:17.3655007Z,,,0
	2026-05-05T16:53:17.4183032Z,Copying 'requirements.txt' to destination directory...,,0
	2026-05-05T16:53:17.5051578Z,Done copying requirements.txt to destination directory.,,0
	2026-05-05T16:53:17.5363733Z,Build script snippets done in 156 sec(s).,,0
	2026-05-05T16:53:17.5677775Z,Preparing output...,,0
	2026-05-05T16:53:17.6437926Z,Compressing source directory directly to destination (optimized path)...,,0
	2026-05-05T16:53:17.7142457Z,Using zstd for compression,,0
	2026-05-05T16:53:53.9679210Z,Copied the compressed output to '/home/site/wwwroot',,0
	2026-05-05T16:53:54.1042979Z,Direct compression with zstd done in 39 sec(s).,,0
	2026-05-05T16:53:54.3109057Z,,,0
	2026-05-05T16:53:54.3595222Z,Removing existing manifest file,,0
	2026-05-05T16:53:54.5531385Z,Creating a manifest file...,,0
	2026-05-05T16:53:54.6665452Z,Manifest file created.,,0
	2026-05-05T16:53:54.7168058Z,Copying .ostype to manifest output directory.,,0
	2026-05-05T16:53:54.7729789Z,,,0
	2026-05-05T16:53:54.7959135Z,Total execution done in 197 sec(s).,,0
2026-05-05T16:53:55.7880293Z,Running post deployment command(s)...,9677f6af-d4f9-4195-8f97-e80c2704c205,0
2026-05-05T16:53:56.0255173Z,,c1b197b5-f6ef-420a-8078-2b75405997d9,0
2026-05-05T16:53:56.2150036Z,Generating summary of Oryx build,567bae63-a678-4e26-9b2a-4eb7df64b014,0
2026-05-05T16:53:56.4614627Z,Parsing the build logs,25fd7783-2a1c-421f-ad8c-5a7b9b69c6ea,0
2026-05-05T16:53:56.6918066Z,Found 0 issue(s),5b6ecd8e-fc00-48f8-92ae-6c33f43173fd,0
2026-05-05T16:53:56.9098743Z,,4456a5d0-52a5-47e4-8019-b427007c537f,0
2026-05-05T16:53:57.0955847Z,Build Summary :,995b63e7-0ccf-47ac-8d97-42e490dde9de,0
2026-05-05T16:53:57.3302625Z,===============,f823cf90-8f93-4473-a59e-13656e94b255,0
2026-05-05T16:53:57.4761939Z,Errors (0),9b0f9c67-2403-48ad-8fb0-b52adbac725e,0
2026-05-05T16:53:57.6734778Z,Warnings (0),5f056e29-1074-4c2b-b394-b9a61649cc1a,0
2026-05-05T16:53:57.8976009Z,,67c8fa0f-7750-4d1b-bee1-153f67f4a098,0
2026-05-05T16:53:58.1704047Z,Triggering container recycle for OneDeploy by adding/updating restartTrigger.txt to the site root path,3028808d-8e98-49e5-9f5f-35164b8b18d8,0
2026-05-05T16:53:58.5215354Z,Deployment successful. deployer = OneDeploy deploymentPath = OneDeploy,f2d6a39f-61d7-453f-bb39-89fecb917a47,0
