2026-05-06T03:01:41.9623365Z,Updating submodules.,b59be579-3dc2-4827-be90-93ea96dc8fe9,0
2026-05-06T03:01:43.6458292Z,Preparing deployment for commit id 'b488da2f-5'.,49833f1a-0b9d-4c99-b942-5e3af1953dc1,0
2026-05-06T03:01:45.4478122Z,PreDeployment: context.CleanOutputPath False,d4f48bc5-d9a1-44a1-9f9e-4694d10af85c,0
2026-05-06T03:01:46.1328439Z,PreDeployment: context.OutputPath /home/site/wwwroot,8a068f51-909b-4a11-976a-09899000dc25,0
2026-05-06T03:01:46.7469719Z,Repository path is /tmp/zipdeploy/extracted,f772d377-354f-4526-ae51-2cd867c54425,0
2026-05-06T03:01:47.2473530Z,Running oryx build...,f448b666-44e2-4ac6-8ff1-6b90e2e6e289,0
	2026-05-06T03:01:47.3180491Z,Command: oryx build /tmp/zipdeploy/extracted -o /home/site/wwwroot --platform python --platform-version 3.12 -p virtualenv_name=antenv --log-file /tmp/build-debug.log  -i /tmp/8deab1bce34161e --compress-destination-dir | tee /tmp/oryx-build.log,,0
	2026-05-06T03:02:06.0795605Z,Operation performed by Microsoft Oryx&comma; https://github.com/Microsoft/Oryx,,0
	2026-05-06T03:02:06.3082511Z,You can report issues at https://github.com/Microsoft/Oryx/issues,,0
	2026-05-06T03:02:06.5615191Z,,,0
	2026-05-06T03:02:06.6617072Z,Oryx Version: 0.2.20260420.1+83c04e9ee1882dc90d279b63348824daedbd3c96&comma; Commit: 83c04e9ee1882dc90d279b63348824daedbd3c96&comma; ReleaseTagName: 20260420.1,,0
	2026-05-06T03:02:06.9448306Z,,,0
	2026-05-06T03:02:07.0043880Z,Build Operation ID: c5c9fcff5194a266,,0
	2026-05-06T03:02:07.4876424Z,Repository Commit : b488da2f-5d4c-4323-8221-284b39f12713,,0
	2026-05-06T03:02:07.9540496Z,OS Type           : bullseye,,0
	2026-05-06T03:02:08.2645304Z,Image Type        : githubactions,,0
	2026-05-06T03:02:08.7576403Z,,,0
	2026-05-06T03:02:09.0323184Z,Primary SDK Storage URL: https://oryx-cdn.microsoft.io,,0
	2026-05-06T03:02:09.4062171Z,Backup SDK Storage URL: ,,0
	2026-05-06T03:02:09.8160337Z,ACR SDK Registry URL: (not set),,0
	2026-05-06T03:02:10.0462883Z,SDK provider status:,,0
	2026-05-06T03:02:10.2318518Z,  External ACR SDK provider: Disabled,,0
	2026-05-06T03:02:10.3902464Z,  External SDK provider: Enabled,,0
	2026-05-06T03:02:10.5220326Z,  Direct ACR SDK provider: Disabled,,0
	2026-05-06T03:02:12.8487779Z,  Blob SDK provider: Enabled,,0
	2026-05-06T03:02:13.2988458Z,Detecting platforms...,,0
	2026-05-06T03:02:13.5104148Z,Requesting metadata for platform python from external SDK provider,,0
	2026-05-06T03:02:16.5599840Z,Requesting metadata for platform python from external SDK provider,,0
	2026-05-06T03:02:19.7322705Z,Version resolved using external SDK provider.,,0
	2026-05-06T03:02:20.9409462Z,Detected following platforms:,,0
	2026-05-06T03:02:21.3222326Z,  python: 3.12.13,,0
	2026-05-06T03:02:21.6650452Z,Requesting metadata for platform python from external SDK provider,,0
	2026-05-06T03:03:15.6472226Z,SDK for 'python' version '3.12.13' fetched via external SDK provider.,,0
	2026-05-06T03:03:16.6340407Z,Version '3.12.13' of platform 'python' is not installed. Generating script to install it...,,0
	2026-05-06T03:03:20.6979624Z,,,0
	2026-05-06T03:03:22.4146888Z,Using intermediate directory '/tmp/8deab1bce34161e'.,,0
	2026-05-06T03:03:22.8726251Z,,,0
	2026-05-06T03:03:23.0817336Z,Copying files to the intermediate directory...,,0
	2026-05-06T03:03:23.5940779Z,Copying files to intermediate directory done in 1 sec(s).,,0
	2026-05-06T03:03:23.9158305Z,,,0
	2026-05-06T03:03:24.0229885Z,Source directory     : /tmp/8deab1bce34161e,,0
	2026-05-06T03:03:24.1169009Z,Destination directory: /home/site/wwwroot,,0
	2026-05-06T03:03:24.2395680Z,,,0
	2026-05-06T03:03:24.4703157Z,Installing platform...,,0
	2026-05-06T03:03:24.8276109Z,,,0
	2026-05-06T03:03:25.3530363Z,Downloading and extracting 'python' version '3.12.13' to '/tmp/oryx/platforms/python/3.12.13'...,,0
	2026-05-06T03:03:25.4872323Z,Detected image debian flavor: bullseye.,,0
	2026-05-06T03:03:25.5943111Z,SDK binary download was skipped. Looking for cached tarball...,,0
	2026-05-06T03:03:25.6834383Z,Found tarball at /var/OryxSdks/python/python-bullseye-3.12.13.tar.gz,,0
	2026-05-06T03:04:47.4203971Z,Successfully extracted python version 3.12.13 from cached tarball.,,0
	2026-05-06T03:04:47.5641680Z,,,0
	2026-05-06T03:04:47.6056651Z,image detector file exists&comma; platform is python..,,0
	2026-05-06T03:04:47.6537170Z,OS detector file exists&comma; OS is bullseye..,,0
	2026-05-06T03:04:47.7195270Z,Platform installation done in 84 sec(s).,,0
	2026-05-06T03:04:48.0052795Z,Running build script snippets...,,0
	2026-05-06T03:04:48.0719498Z,Python Version: /tmp/oryx/platforms/python/3.12.13/bin/python3.12,,0
	2026-05-06T03:04:48.1263175Z,Creating directory for command manifest file if it does not exist,,0
	2026-05-06T03:04:48.1943281Z,Removing existing manifest file,,0
	2026-05-06T03:04:48.2779272Z,Python Virtual Environment: antenv,,0
	2026-05-06T03:04:48.3481890Z,Creating virtual environment...,,0
	2026-05-06T03:04:48.3788217Z,Executing: /tmp/oryx/platforms/python/3.12.13/bin/python3.12 -m venv antenv --copies --system-site-packages,,0
	2026-05-06T03:05:00.0767802Z,Activating virtual environment...,,0
	2026-05-06T03:05:00.2320353Z,Fast build is enabled,,0
	2026-05-06T03:05:00.2848506Z,Installing uv...,,0
	2026-05-06T03:05:04.5399452Z,Collecting uv,,0
	2026-05-06T03:05:04.6760316Z,  Using cached uv-0.11.10-py3-none-manylinux_2_17_x86_64.manylinux2014_x86_64.whl.metadata (11 kB),,0
	2026-05-06T03:05:04.7435633Z,Using cached uv-0.11.10-py3-none-manylinux_2_17_x86_64.manylinux2014_x86_64.whl (24.7 MB),,0
	2026-05-06T03:05:05.5253943Z,Installing collected packages: uv,,0
	2026-05-06T03:05:07.0779416Z,Successfully installed uv-0.11.10,,0
	2026-05-06T03:05:07.7117336Z,,,1
	2026-05-06T03:05:07.7525847Z,[notice] A new release of pip is available: 25.0.1 -> 26.1.1,,1
	2026-05-06T03:05:07.8404910Z,[notice] To update&comma; run: pip install --upgrade pip,,1
	2026-05-06T03:05:08.1657072Z,Running uv pip install...,,0
	2026-05-06T03:06:25.9226405Z,Using Python 3.12.13 environment at: antenv,,0
	2026-05-06T03:06:26.2624512Z,Resolved 40 packages in 2.44s,,0
	2026-05-06T03:06:26.4166447Z,Downloading pydantic-core (2.0MiB),,0
	2026-05-06T03:06:26.5068808Z,Downloading pandas (10.4MiB),,0
	2026-05-06T03:06:26.6277802Z,Downloading uvloop (4.2MiB),,0
	2026-05-06T03:06:26.6845298Z,Downloading numpy (15.9MiB),,0
	2026-05-06T03:06:26.7334400Z, Downloaded pydantic-core,,0
	2026-05-06T03:06:26.7729516Z, Downloaded uvloop,,0
	2026-05-06T03:06:26.8138059Z, Downloaded numpy,,0
	2026-05-06T03:06:26.8604279Z, Downloaded pandas,,0
	2026-05-06T03:06:26.9470907Z,Prepared 40 packages in 7.31s,,0
	2026-05-06T03:06:26.9884515Z,Installed 40 packages in 490ms,,0
	2026-05-06T03:06:27.0279902Z,Bytecode compiled 2925 files in 1m 06s,,0
	2026-05-06T03:06:27.1060265Z, + aiofiles==24.1.0,,0
	2026-05-06T03:06:27.1523302Z, + annotated-types==0.7.0,,0
	2026-05-06T03:06:27.2307519Z, + anyio==4.13.0,,0
	2026-05-06T03:06:27.2898398Z, + beautifulsoup4==4.14.3,,0
	2026-05-06T03:06:27.3879930Z, + certifi==2026.4.22,,0
	2026-05-06T03:06:27.5254907Z, + charset-normalizer==3.4.7,,0
	2026-05-06T03:06:27.7621932Z, + click==8.3.3,,0
	2026-05-06T03:06:27.9592124Z, + fastapi==0.116.1,,0
	2026-05-06T03:06:28.1038643Z, + frozendict==2.4.7,,0
	2026-05-06T03:06:28.2114265Z, + h11==0.16.0,,0
	2026-05-06T03:06:28.3369593Z, + httpcore==1.0.9,,0
	2026-05-06T03:06:28.4278731Z, + httptools==0.7.1,,0
	2026-05-06T03:06:28.5260061Z, + httpx==0.28.1,,0
	2026-05-06T03:06:28.6026001Z, + idna==3.13,,0
	2026-05-06T03:06:28.7608609Z, + jinja2==3.1.6,,0
	2026-05-06T03:06:28.8405520Z, + markupsafe==3.0.3,,0
	2026-05-06T03:06:28.9225183Z, + multitasking==0.0.13,,0
	2026-05-06T03:06:29.0707780Z, + numpy==2.4.4,,0
	2026-05-06T03:06:29.1768609Z, + pandas==3.0.2,,0
	2026-05-06T03:06:29.3138717Z, + peewee==4.0.5,,0
	2026-05-06T03:06:29.5220155Z, + platformdirs==4.9.6,,0
	2026-05-06T03:06:29.7602126Z, + pydantic==2.13.3,,0
	2026-05-06T03:06:29.8562268Z, + pydantic-core==2.46.3,,0
	2026-05-06T03:06:29.9764383Z, + python-dateutil==2.9.0.post0,,0
	2026-05-06T03:06:30.1089800Z, + python-dotenv==1.2.2,,0
	2026-05-06T03:06:30.3017028Z, + python-multipart==0.0.20,,0
	2026-05-06T03:06:30.4514478Z, + pytz==2026.2,,0
	2026-05-06T03:06:30.5776468Z, + pyyaml==6.0.3,,0
	2026-05-06T03:06:30.7338896Z, + requests==2.33.1,,0
	2026-05-06T03:06:30.8866378Z, + six==1.17.0,,0
	2026-05-06T03:06:30.9628831Z, + soupsieve==2.8.3,,0
	2026-05-06T03:06:31.1346984Z, + starlette==0.47.3,,0
	2026-05-06T03:06:31.2746933Z, + typing-extensions==4.15.0,,0
	2026-05-06T03:06:31.4089714Z, + typing-inspection==0.4.2,,0
	2026-05-06T03:06:31.6182355Z, + urllib3==2.6.3,,0
	2026-05-06T03:06:31.6958247Z, + uvicorn==0.35.0,,0
	2026-05-06T03:06:31.8892988Z, + uvloop==0.22.1,,0
	2026-05-06T03:06:32.0157843Z, + watchfiles==1.1.1,,0
	2026-05-06T03:06:32.2441446Z, + websockets==16.0,,0
	2026-05-06T03:06:32.4818026Z, + yfinance==0.2.54,,0
	2026-05-06T03:06:32.7469735Z,uv pip install done in 85 sec(s).,,0
	2026-05-06T03:06:32.9240663Z,Not a vso image&comma; so not writing build commands,,0
	2026-05-06T03:06:33.1686586Z,,,0
	2026-05-06T03:06:33.4837459Z,Copying 'requirements.txt' to destination directory...,,0
	2026-05-06T03:06:33.8257748Z,Done copying requirements.txt to destination directory.,,0
	2026-05-06T03:06:34.0318723Z,Build script snippets done in 99 sec(s).,,0
	2026-05-06T03:06:34.1510864Z,Preparing output...,,0
	2026-05-06T03:06:34.6335210Z,Compressing source directory directly to destination (optimized path)...,,0
	2026-05-06T03:06:34.8319666Z,Using zstd for compression,,0
	2026-05-06T03:08:01.0228313Z,Copied the compressed output to '/home/site/wwwroot',,0
	2026-05-06T03:08:01.1377098Z,Direct compression with zstd done in 94 sec(s).,,0
	2026-05-06T03:08:01.2271826Z,,,0
	2026-05-06T03:08:01.3019608Z,Removing existing manifest file,,0
	2026-05-06T03:08:01.3618750Z,Creating a manifest file...,,0
	2026-05-06T03:08:01.4019706Z,Manifest file created.,,0
	2026-05-06T03:08:01.4564044Z,Copying .ostype to manifest output directory.,,0
	2026-05-06T03:08:01.5027131Z,,,0
	2026-05-06T03:08:01.5150552Z,Total execution done in 280 sec(s).,,0
2026-05-06T03:08:02.0737502Z,Running post deployment command(s)...,0b353ca3-6dc4-4174-8239-21b93f91fd3b,0
2026-05-06T03:08:02.2490807Z,,4a9c3ed8-ff9d-4957-91df-3e156cb9b5bc,0
2026-05-06T03:08:02.4604567Z,Generating summary of Oryx build,3fb8e570-1d3b-44bb-8ac7-4fa9c23046f5,0
2026-05-06T03:08:02.8248891Z,Parsing the build logs,fda051ba-e7e1-4591-ac18-9ba78739493a,0
2026-05-06T03:08:03.0912616Z,Found 0 issue(s),481cf557-9ab6-4ae9-98be-298f768f65bd,0
2026-05-06T03:08:03.4007635Z,,f1eb6a9a-7471-4c29-b1bb-99736e90b5c9,0
2026-05-06T03:08:03.6446392Z,Build Summary :,3eac2f95-6744-44a2-8459-b1a33a16cb82,0
2026-05-06T03:08:03.9374470Z,===============,24266fb0-04c3-4bb1-9dce-dc55bb09fe71,0
2026-05-06T03:08:04.2687829Z,Errors (0),2c3a328e-b7fc-4e94-8926-8107f262cef2,0
2026-05-06T03:08:04.5401803Z,Warnings (0),4d0e9a9a-3236-46b5-a206-b11e9db13d48,0
2026-05-06T03:08:04.8300315Z,,53d23714-98cf-46ac-b700-4bb85210f688,0
2026-05-06T03:08:05.2302501Z,Triggering container recycle for OneDeploy by adding/updating restartTrigger.txt to the site root path,3f265817-3239-4fed-b8f6-963bd08c6625,0
2026-05-06T03:08:05.5410120Z,Deployment successful. deployer = OneDeploy deploymentPath = OneDeploy,fdeb963a-fd7f-4cee-a550-0702883d1b32,0
