2026-05-04T12:48:43.5002632Z,Updating submodules.,6ff8dbda-b0ab-4a14-b3a4-c42a13f34132,0
2026-05-04T12:48:44.6790832Z,Preparing deployment for commit id '2be30373-c'.,e210e416-857c-4a44-981c-fe3ddd7031cd,0
2026-05-04T12:48:45.1763416Z,PreDeployment: context.CleanOutputPath False,dfd67360-c9ac-42b6-9bf2-7383fec57539,0
2026-05-04T12:48:45.4614130Z,PreDeployment: context.OutputPath /home/site/wwwroot,f169a8bd-6a66-4204-ac09-64dc3ba3c305,0
2026-05-04T12:48:45.6706657Z,Repository path is /tmp/zipdeploy/extracted,801199b3-f97e-4fb8-9e0d-59ab769b1dfa,0
2026-05-04T12:48:45.8401110Z,Running oryx build...,0d951554-d152-4d6b-abce-f7e8e4c18e73,0
	2026-05-04T12:48:45.8763211Z,Command: oryx build /tmp/zipdeploy/extracted -o /home/site/wwwroot --platform python --platform-version 3.12 -p virtualenv_name=antenv --log-file /tmp/build-debug.log  -i /tmp/8dea9db7a5bb275 --compress-destination-dir | tee /tmp/oryx-build.log,,0
	2026-05-04T12:48:52.0485711Z,Operation performed by Microsoft Oryx&comma; https://github.com/Microsoft/Oryx,,0
	2026-05-04T12:48:52.1578484Z,You can report issues at https://github.com/Microsoft/Oryx/issues,,0
	2026-05-04T12:48:52.2471321Z,,,0
	2026-05-04T12:48:52.2932847Z,Oryx Version: 0.2.20260420.1+83c04e9ee1882dc90d279b63348824daedbd3c96&comma; Commit: 83c04e9ee1882dc90d279b63348824daedbd3c96&comma; ReleaseTagName: 20260420.1,,0
	2026-05-04T12:48:52.3346835Z,,,0
	2026-05-04T12:48:52.3827392Z,Build Operation ID: ca0a39d1df2d31d2,,0
	2026-05-04T12:48:52.4346985Z,Repository Commit : 2be30373-cff8-4fd5-86c9-b61647f4101e,,0
	2026-05-04T12:48:52.4810401Z,OS Type           : bullseye,,0
	2026-05-04T12:48:52.5697378Z,Image Type        : githubactions,,0
	2026-05-04T12:48:52.6385991Z,,,0
	2026-05-04T12:48:52.6914464Z,Primary SDK Storage URL: https://oryx-cdn.microsoft.io,,0
	2026-05-04T12:48:52.7493146Z,Backup SDK Storage URL: ,,0
	2026-05-04T12:48:52.7784261Z,ACR SDK Registry URL: (not set),,0
	2026-05-04T12:48:52.8381185Z,SDK provider status:,,0
	2026-05-04T12:48:52.8747272Z,  External ACR SDK provider: Disabled,,0
	2026-05-04T12:48:52.9237223Z,  External SDK provider: Enabled,,0
	2026-05-04T12:48:52.9927369Z,  Direct ACR SDK provider: Disabled,,0
	2026-05-04T12:48:53.1634201Z,  Blob SDK provider: Enabled,,0
	2026-05-04T12:48:53.2993256Z,Detecting platforms...,,0
	2026-05-04T12:48:53.3901245Z,Requesting metadata for platform python from external SDK provider,,0
	2026-05-04T12:48:55.0448650Z,Requesting metadata for platform python from external SDK provider,,0
	2026-05-04T12:48:56.7454670Z,Version resolved using external SDK provider.,,0
	2026-05-04T12:48:57.3208008Z,Detected following platforms:,,0
	2026-05-04T12:48:57.3582935Z,  python: 3.12.13,,0
	2026-05-04T12:48:57.4546029Z,Requesting metadata for platform python from external SDK provider,,0
	2026-05-04T12:49:04.7167393Z,SDK for 'python' version '3.12.13' fetched via external SDK provider.,,0
	2026-05-04T12:49:04.9511236Z,Version '3.12.13' of platform 'python' is not installed. Generating script to install it...,,0
	2026-05-04T12:49:06.7333472Z,,,0
	2026-05-04T12:49:07.3376636Z,Using intermediate directory '/tmp/8dea9db7a5bb275'.,,0
	2026-05-04T12:49:07.4232428Z,,,0
	2026-05-04T12:49:07.4467139Z,Copying files to the intermediate directory...,,0
	2026-05-04T12:49:07.7068251Z,Copying files to intermediate directory done in 0 sec(s).,,0
	2026-05-04T12:49:07.7378239Z,,,0
	2026-05-04T12:49:07.7785396Z,Source directory     : /tmp/8dea9db7a5bb275,,0
	2026-05-04T12:49:07.8756221Z,Destination directory: /home/site/wwwroot,,0
	2026-05-04T12:49:07.9170773Z,,,0
	2026-05-04T12:49:07.9531705Z,Installing platform...,,0
	2026-05-04T12:49:08.0222359Z,,,0
	2026-05-04T12:49:08.0522646Z,Downloading and extracting 'python' version '3.12.13' to '/tmp/oryx/platforms/python/3.12.13'...,,0
	2026-05-04T12:49:08.1519333Z,Detected image debian flavor: bullseye.,,0
	2026-05-04T12:49:08.2099898Z,SDK binary download was skipped. Looking for cached tarball...,,0
	2026-05-04T12:49:08.2607838Z,Found tarball at /var/OryxSdks/python/python-bullseye-3.12.13.tar.gz,,0
	2026-05-04T12:49:44.1793634Z,Successfully extracted python version 3.12.13 from cached tarball.,,0
	2026-05-04T12:49:44.3473879Z,,,0
	2026-05-04T12:49:44.3678662Z,image detector file exists&comma; platform is python..,,0
	2026-05-04T12:49:44.4557128Z,OS detector file exists&comma; OS is bullseye..,,0
	2026-05-04T12:49:44.4933019Z,Platform installation done in 37 sec(s).,,0
	2026-05-04T12:49:44.8176306Z,Running build script snippets...,,0
	2026-05-04T12:49:44.8612472Z,Python Version: /tmp/oryx/platforms/python/3.12.13/bin/python3.12,,0
	2026-05-04T12:49:44.9031701Z,Creating directory for command manifest file if it does not exist,,0
	2026-05-04T12:49:44.9334127Z,Removing existing manifest file,,0
	2026-05-04T12:49:45.0063183Z,Python Virtual Environment: antenv,,0
	2026-05-04T12:49:45.0467050Z,Creating virtual environment...,,0
	2026-05-04T12:49:45.0916714Z,Executing: /tmp/oryx/platforms/python/3.12.13/bin/python3.12 -m venv antenv --copies --system-site-packages,,0
	2026-05-04T12:49:56.5534627Z,Activating virtual environment...,,0
	2026-05-04T12:49:56.6222447Z,Fast build is enabled,,0
	2026-05-04T12:49:56.6703404Z,Installing uv...,,0
	2026-05-04T12:49:59.4239581Z,Collecting uv,,0
	2026-05-04T12:49:59.4669764Z,  Using cached uv-0.11.8-py3-none-manylinux_2_17_x86_64.manylinux2014_x86_64.whl.metadata (11 kB),,0
	2026-05-04T12:49:59.5162640Z,Using cached uv-0.11.8-py3-none-manylinux_2_17_x86_64.manylinux2014_x86_64.whl (24.8 MB),,0
	2026-05-04T12:50:00.2007294Z,Installing collected packages: uv,,0
	2026-05-04T12:50:02.4806686Z,Successfully installed uv-0.11.8,,0
	2026-05-04T12:50:02.8953559Z,,,1
	2026-05-04T12:50:02.9337939Z,[notice] A new release of pip is available: 25.0.1 -> 26.1,,1
	2026-05-04T12:50:02.9824719Z,[notice] To update&comma; run: pip install --upgrade pip,,1
	2026-05-04T12:50:04.0831659Z,Running uv pip install...,,0
	2026-05-04T12:50:52.4866411Z,Using Python 3.12.13 environment at: antenv,,0
	2026-05-04T12:50:52.5438371Z,Resolved 40 packages in 3.01s,,0
	2026-05-04T12:50:52.5631209Z,Downloading uvloop (4.2MiB),,0
	2026-05-04T12:50:52.6008903Z,Downloading pandas (10.4MiB),,0
	2026-05-04T12:50:52.6338153Z,Downloading pydantic-core (2.0MiB),,0
	2026-05-04T12:50:52.6816053Z,Downloading numpy (15.9MiB),,0
	2026-05-04T12:50:52.7120709Z, Downloaded pydantic-core,,0
	2026-05-04T12:50:52.7974346Z, Downloaded uvloop,,0
	2026-05-04T12:50:52.8490578Z, Downloaded numpy,,0
	2026-05-04T12:50:52.9181953Z, Downloaded pandas,,0
	2026-05-04T12:50:52.9572377Z,Prepared 40 packages in 6.02s,,0
	2026-05-04T12:50:53.0055006Z,Installed 40 packages in 456ms,,0
	2026-05-04T12:50:53.0377327Z,Bytecode compiled 2925 files in 37.71s,,0
	2026-05-04T12:50:53.1041901Z, + aiofiles==24.1.0,,0
	2026-05-04T12:50:53.1619077Z, + annotated-types==0.7.0,,0
	2026-05-04T12:50:53.1828227Z, + anyio==4.13.0,,0
	2026-05-04T12:50:53.2273315Z, + beautifulsoup4==4.14.3,,0
	2026-05-04T12:50:53.2912888Z, + certifi==2026.4.22,,0
	2026-05-04T12:50:53.3364463Z, + charset-normalizer==3.4.7,,0
	2026-05-04T12:50:53.3947676Z, + click==8.3.3,,0
	2026-05-04T12:50:53.4242865Z, + fastapi==0.116.1,,0
	2026-05-04T12:50:53.4899987Z, + frozendict==2.4.7,,0
	2026-05-04T12:50:53.5101636Z, + h11==0.16.0,,0
	2026-05-04T12:50:53.5944832Z, + httpcore==1.0.9,,0
	2026-05-04T12:50:53.6560299Z, + httptools==0.7.1,,0
	2026-05-04T12:50:53.6948881Z, + httpx==0.28.1,,0
	2026-05-04T12:50:53.7321695Z, + idna==3.13,,0
	2026-05-04T12:50:53.7647279Z, + jinja2==3.1.6,,0
	2026-05-04T12:50:53.8216457Z, + markupsafe==3.0.3,,0
	2026-05-04T12:50:53.8501179Z, + multitasking==0.0.13,,0
	2026-05-04T12:50:53.8818633Z, + numpy==2.4.4,,0
	2026-05-04T12:50:54.3590287Z, + pandas==3.0.2,,0
	2026-05-04T12:50:54.4071362Z, + peewee==4.0.5,,0
	2026-05-04T12:50:54.4559497Z, + platformdirs==4.9.6,,0
	2026-05-04T12:50:54.5062144Z, + pydantic==2.13.3,,0
	2026-05-04T12:50:54.5354835Z, + pydantic-core==2.46.3,,0
	2026-05-04T12:50:54.7008534Z, + python-dateutil==2.9.0.post0,,0
	2026-05-04T12:50:54.7574882Z, + python-dotenv==1.2.2,,0
	2026-05-04T12:50:54.7976451Z, + python-multipart==0.0.20,,0
	2026-05-04T12:50:54.8752322Z, + pytz==2026.2,,0
	2026-05-04T12:50:54.9243465Z, + pyyaml==6.0.3,,0
	2026-05-04T12:50:55.0229413Z, + requests==2.33.1,,0
	2026-05-04T12:50:55.0439009Z, + six==1.17.0,,0
	2026-05-04T12:50:55.0927824Z, + soupsieve==2.8.3,,0
	2026-05-04T12:50:55.1243362Z, + starlette==0.47.3,,0
	2026-05-04T12:50:55.2011848Z, + typing-extensions==4.15.0,,0
	2026-05-04T12:50:55.2232977Z, + typing-inspection==0.4.2,,0
	2026-05-04T12:50:55.3114672Z, + urllib3==2.6.3,,0
	2026-05-04T12:50:55.3414328Z, + uvicorn==0.35.0,,0
	2026-05-04T12:50:55.4196607Z, + uvloop==0.22.1,,0
	2026-05-04T12:50:55.4965995Z, + watchfiles==1.1.1,,0
	2026-05-04T12:50:55.5665596Z, + websockets==16.0,,0
	2026-05-04T12:50:55.6157816Z, + yfinance==0.2.54,,0
	2026-05-04T12:50:55.6666225Z,uv pip install done in 56 sec(s).,,0
	2026-05-04T12:50:55.7336230Z,Not a vso image&comma; so not writing build commands,,0
	2026-05-04T12:50:55.7727901Z,,,0
	2026-05-04T12:50:55.7861569Z,Copying 'requirements.txt' to destination directory...,,0
	2026-05-04T12:50:55.8437485Z,Done copying requirements.txt to destination directory.,,0
	2026-05-04T12:50:55.8846910Z,Build script snippets done in 68 sec(s).,,0
	2026-05-04T12:50:55.9223062Z,Preparing output...,,0
	2026-05-04T12:50:55.9539070Z,Compressing source directory directly to destination (optimized path)...,,0
	2026-05-04T12:50:55.9927574Z,Using zstd for compression,,0
	2026-05-04T12:51:08.3439892Z,Copied the compressed output to '/home/site/wwwroot',,0
	2026-05-04T12:51:08.4255938Z,Direct compression with zstd done in 16 sec(s).,,0
	2026-05-04T12:51:08.4641112Z,,,0
	2026-05-04T12:51:08.5019043Z,Removing existing manifest file,,0
	2026-05-04T12:51:08.5591635Z,Creating a manifest file...,,0
	2026-05-04T12:51:08.6295095Z,Manifest file created.,,0
	2026-05-04T12:51:08.6593224Z,Copying .ostype to manifest output directory.,,0
	2026-05-04T12:51:08.7203240Z,,,0
	2026-05-04T12:51:08.7596144Z,Total execution done in 121 sec(s).,,0
2026-05-04T12:51:09.7728072Z,Running post deployment command(s)...,a86019d4-ebc1-4012-b6f4-edf9d4d425d4,0
2026-05-04T12:51:10.0011824Z,,eed09975-0de9-419d-a846-184b4f330051,0
2026-05-04T12:51:10.1719122Z,Generating summary of Oryx build,73ff09a3-f3c3-46d0-bf33-10161a591353,0
2026-05-04T12:51:10.4433783Z,Parsing the build logs,698337cc-d042-4558-a555-fed41aacfbdd,0
2026-05-04T12:51:10.5962202Z,Found 0 issue(s),caf86dd2-6548-469e-9583-689458550b8d,0
2026-05-04T12:51:10.7455250Z,,ecb7af86-af93-4dc8-b653-0734742e063d,0
2026-05-04T12:51:10.8884969Z,Build Summary :,c9b60141-d830-4c17-8e4e-a9f008994b60,0
2026-05-04T12:51:11.0489808Z,===============,7f0370f0-0c06-43cb-aad2-281e24d8157d,0
2026-05-04T12:51:11.1749828Z,Errors (0),32c2c5a3-7e3d-4938-aa9f-58de53154910,0
2026-05-04T12:51:11.3248585Z,Warnings (0),5342db8a-9fa5-480c-a094-a064b8fc37e9,0
2026-05-04T12:51:11.4602550Z,,2994f7a8-f63f-4bcd-8221-7c7e660c65ab,0
2026-05-04T12:51:11.5965570Z,Triggering container recycle for OneDeploy by adding/updating restartTrigger.txt to the site root path,56b9bab7-b6a6-4f50-8a92-f04a66335aa5,0
2026-05-04T12:51:11.8159686Z,Deployment successful. deployer = OneDeploy deploymentPath = OneDeploy,66958fac-24ff-4864-9841-e7cf8ebaf92b,0
