2026-05-06T02:30:05.9778732Z,Updating submodules.,fba4e5e2-ef4b-4f62-a9f3-dbfc5ed2a017,0
2026-05-06T02:30:07.2766176Z,Preparing deployment for commit id '6d72f278-8'.,9ca00e45-d333-4dfc-87fe-3ec2509628d6,0
2026-05-06T02:30:07.9062473Z,PreDeployment: context.CleanOutputPath False,7495f215-272d-46b5-918b-00563e7d6205,0
2026-05-06T02:30:08.1746629Z,PreDeployment: context.OutputPath /home/site/wwwroot,2419add7-1131-497b-a97d-d301bc17b709,0
2026-05-06T02:30:08.4773746Z,Repository path is /tmp/zipdeploy/extracted,15d937da-bb3d-4c88-b9f6-efcc7f6d3015,0
2026-05-06T02:30:08.7494673Z,Running oryx build...,25b23c4d-cc94-49c9-be54-6c7bb6a38562,0
	2026-05-06T02:30:08.8073036Z,Command: oryx build /tmp/zipdeploy/extracted -o /home/site/wwwroot --platform python --platform-version 3.12 -p virtualenv_name=antenv --log-file /tmp/build-debug.log  -i /tmp/8deab17639798c2 --compress-destination-dir | tee /tmp/oryx-build.log,,0
	2026-05-06T02:30:15.7842235Z,Operation performed by Microsoft Oryx&comma; https://github.com/Microsoft/Oryx,,0
	2026-05-06T02:30:15.8172322Z,You can report issues at https://github.com/Microsoft/Oryx/issues,,0
	2026-05-06T02:30:15.8329681Z,,,0
	2026-05-06T02:30:15.9327674Z,Oryx Version: 0.2.20260420.1+83c04e9ee1882dc90d279b63348824daedbd3c96&comma; Commit: 83c04e9ee1882dc90d279b63348824daedbd3c96&comma; ReleaseTagName: 20260420.1,,0
	2026-05-06T02:30:15.9897373Z,,,0
	2026-05-06T02:30:16.0112824Z,Build Operation ID: b853e2a381347d7a,,0
	2026-05-06T02:30:16.0308322Z,Repository Commit : 6d72f278-82b2-48c6-9806-504b62c44355,,0
	2026-05-06T02:30:16.0500967Z,OS Type           : bullseye,,0
	2026-05-06T02:30:16.0701885Z,Image Type        : githubactions,,0
	2026-05-06T02:30:16.1022909Z,,,0
	2026-05-06T02:30:16.1219225Z,Primary SDK Storage URL: https://oryx-cdn.microsoft.io,,0
	2026-05-06T02:30:16.1427259Z,Backup SDK Storage URL: ,,0
	2026-05-06T02:30:16.1620817Z,ACR SDK Registry URL: (not set),,0
	2026-05-06T02:30:16.1882618Z,SDK provider status:,,0
	2026-05-06T02:30:16.2298533Z,  External ACR SDK provider: Disabled,,0
	2026-05-06T02:30:16.2519486Z,  External SDK provider: Enabled,,0
	2026-05-06T02:30:16.2889286Z,  Direct ACR SDK provider: Disabled,,0
	2026-05-06T02:30:16.3170080Z,  Blob SDK provider: Enabled,,0
	2026-05-06T02:30:16.3477875Z,Detecting platforms...,,0
	2026-05-06T02:30:16.3656549Z,Requesting metadata for platform python from external SDK provider,,0
	2026-05-06T02:30:17.5891866Z,Requesting metadata for platform python from external SDK provider,,0
	2026-05-06T02:30:18.3788876Z,Version resolved using external SDK provider.,,0
	2026-05-06T02:30:18.5133004Z,Detected following platforms:,,0
	2026-05-06T02:30:18.5424153Z,  python: 3.12.13,,0
	2026-05-06T02:30:18.5490125Z,Requesting metadata for platform python from external SDK provider,,0
	2026-05-06T02:30:22.3103558Z,SDK for 'python' version '3.12.13' fetched via external SDK provider.,,0
	2026-05-06T02:30:22.4273444Z,Version '3.12.13' of platform 'python' is not installed. Generating script to install it...,,0
	2026-05-06T02:30:23.0133226Z,,,0
	2026-05-06T02:30:23.3778538Z,Using intermediate directory '/tmp/8deab17639798c2'.,,0
	2026-05-06T02:30:23.4431339Z,,,0
	2026-05-06T02:30:23.4640984Z,Copying files to the intermediate directory...,,0
	2026-05-06T02:30:23.6406125Z,Copying files to intermediate directory done in 0 sec(s).,,0
	2026-05-06T02:30:23.6792187Z,,,0
	2026-05-06T02:30:23.7197308Z,Source directory     : /tmp/8deab17639798c2,,0
	2026-05-06T02:30:23.7982520Z,Destination directory: /home/site/wwwroot,,0
	2026-05-06T02:30:23.8790762Z,,,0
	2026-05-06T02:30:23.9503709Z,Installing platform...,,0
	2026-05-06T02:30:24.0436019Z,,,0
	2026-05-06T02:30:24.0815480Z,Downloading and extracting 'python' version '3.12.13' to '/tmp/oryx/platforms/python/3.12.13'...,,0
	2026-05-06T02:30:24.1718827Z,Detected image debian flavor: bullseye.,,0
	2026-05-06T02:30:24.1990934Z,SDK binary download was skipped. Looking for cached tarball...,,0
	2026-05-06T02:30:24.2226643Z,Found tarball at /var/OryxSdks/python/python-bullseye-3.12.13.tar.gz,,0
	2026-05-06T02:30:57.4203806Z,Successfully extracted python version 3.12.13 from cached tarball.,,0
	2026-05-06T02:30:57.5694129Z,,,0
	2026-05-06T02:30:57.6071089Z,image detector file exists&comma; platform is python..,,0
	2026-05-06T02:30:57.6660641Z,OS detector file exists&comma; OS is bullseye..,,0
	2026-05-06T02:30:57.7167692Z,Platform installation done in 34 sec(s).,,0
	2026-05-06T02:30:57.9705848Z,Running build script snippets...,,0
	2026-05-06T02:30:58.0136449Z,Python Version: /tmp/oryx/platforms/python/3.12.13/bin/python3.12,,0
	2026-05-06T02:30:58.1022596Z,Creating directory for command manifest file if it does not exist,,0
	2026-05-06T02:30:58.1533038Z,Removing existing manifest file,,0
	2026-05-06T02:30:58.2034983Z,Python Virtual Environment: antenv,,0
	2026-05-06T02:30:58.2818653Z,Creating virtual environment...,,0
	2026-05-06T02:30:58.3993591Z,Executing: /tmp/oryx/platforms/python/3.12.13/bin/python3.12 -m venv antenv --copies --system-site-packages,,0
	2026-05-06T02:31:19.2013575Z,Activating virtual environment...,,0
	2026-05-06T02:31:19.2932831Z,Fast build is enabled,,0
	2026-05-06T02:31:19.3599573Z,Installing uv...,,0
	2026-05-06T02:31:23.4459059Z,Collecting uv,,0
	2026-05-06T02:31:23.5869006Z,  Downloading uv-0.11.10-py3-none-manylinux_2_17_x86_64.manylinux2014_x86_64.whl.metadata (11 kB),,0
	2026-05-06T02:31:23.9381271Z,Downloading uv-0.11.10-py3-none-manylinux_2_17_x86_64.manylinux2014_x86_64.whl (24.7 MB),,0
	2026-05-06T02:31:25.9104551Z,   ━━━━━━━━━━━━━━━━━━━━━━━━━━━━━━━━━━━━━━━━ 24.7/24.7 MB 12.9 MB/s eta 0:00:00,,0
	2026-05-06T02:31:26.3480778Z,Installing collected packages: uv,,0
	2026-05-06T02:31:28.7987533Z,Successfully installed uv-0.11.10,,0
	2026-05-06T02:31:29.4201987Z,,,1
	2026-05-06T02:31:29.8980609Z,[notice] A new release of pip is available: 25.0.1 -> 26.1.1,,1
	2026-05-06T02:31:29.9556089Z,[notice] To update&comma; run: pip install --upgrade pip,,1
	2026-05-06T02:31:30.3615041Z,Running uv pip install...,,0
	2026-05-06T02:35:08.3543400Z,Using Python 3.12.13 environment at: antenv,,0
	2026-05-06T02:35:08.4963367Z,Resolved 40 packages in 2.20s,,0
	2026-05-06T02:35:08.5474003Z,Downloading uvloop (4.2MiB),,0
	2026-05-06T02:35:08.5683395Z,Downloading numpy (15.9MiB),,0
	2026-05-06T02:35:08.6810802Z,Downloading pydantic-core (2.0MiB),,0
	2026-05-06T02:35:08.7333528Z,Downloading pandas (10.4MiB),,0
	2026-05-06T02:35:08.7952482Z, Downloaded pydantic-core,,0
	2026-05-06T02:35:08.8330603Z, Downloaded uvloop,,0
	2026-05-06T02:35:08.8919633Z, Downloaded numpy,,0
	2026-05-06T02:35:08.9519556Z, Downloaded pandas,,0
	2026-05-06T02:35:09.0081952Z,Prepared 40 packages in 7.81s,,0
	2026-05-06T02:35:09.0516879Z,Installed 40 packages in 1.17s,,0
	2026-05-06T02:35:09.1077142Z,Bytecode compiled 2925 files in 3m 26s,,0
	2026-05-06T02:35:09.1465645Z, + aiofiles==24.1.0,,0
	2026-05-06T02:35:09.1736276Z, + annotated-types==0.7.0,,0
	2026-05-06T02:35:09.2216885Z, + anyio==4.13.0,,0
	2026-05-06T02:35:09.3005403Z, + beautifulsoup4==4.14.3,,0
	2026-05-06T02:35:09.3232467Z, + certifi==2026.4.22,,0
	2026-05-06T02:35:09.4295136Z, + charset-normalizer==3.4.7,,0
	2026-05-06T02:35:09.6064403Z, + click==8.3.3,,0
	2026-05-06T02:35:09.6752762Z, + fastapi==0.116.1,,0
	2026-05-06T02:35:09.7275169Z, + frozendict==2.4.7,,0
	2026-05-06T02:35:09.8639204Z, + h11==0.16.0,,0
	2026-05-06T02:35:10.0345311Z, + httpcore==1.0.9,,0
	2026-05-06T02:35:10.0739835Z, + httptools==0.7.1,,0
	2026-05-06T02:35:10.1686863Z, + httpx==0.28.1,,0
	2026-05-06T02:35:10.2002722Z, + idna==3.13,,0
	2026-05-06T02:35:10.2597068Z, + jinja2==3.1.6,,0
	2026-05-06T02:35:10.3497193Z, + markupsafe==3.0.3,,0
	2026-05-06T02:35:10.3811687Z, + multitasking==0.0.13,,0
	2026-05-06T02:35:10.5371871Z, + numpy==2.4.4,,0
	2026-05-06T02:35:10.5959117Z, + pandas==3.0.2,,0
	2026-05-06T02:35:10.6902392Z, + peewee==4.0.5,,0
	2026-05-06T02:35:10.7753208Z, + platformdirs==4.9.6,,0
	2026-05-06T02:35:10.8074226Z, + pydantic==2.13.3,,0
	2026-05-06T02:35:10.8738532Z, + pydantic-core==2.46.3,,0
	2026-05-06T02:35:11.0328386Z, + python-dateutil==2.9.0.post0,,0
	2026-05-06T02:35:11.1673765Z, + python-dotenv==1.2.2,,0
	2026-05-06T02:35:11.3057240Z, + python-multipart==0.0.20,,0
	2026-05-06T02:35:11.4300789Z, + pytz==2026.2,,0
	2026-05-06T02:35:11.5373203Z, + pyyaml==6.0.3,,0
	2026-05-06T02:35:11.6418247Z, + requests==2.33.1,,0
	2026-05-06T02:35:11.8385290Z, + six==1.17.0,,0
	2026-05-06T02:35:11.8961067Z, + soupsieve==2.8.3,,0
	2026-05-06T02:35:11.9857071Z, + starlette==0.47.3,,0
	2026-05-06T02:35:12.0660731Z, + typing-extensions==4.15.0,,0
	2026-05-06T02:35:12.1145280Z, + typing-inspection==0.4.2,,0
	2026-05-06T02:35:12.2656327Z, + urllib3==2.6.3,,0
	2026-05-06T02:35:12.2945410Z, + uvicorn==0.35.0,,0
	2026-05-06T02:35:12.3339589Z, + uvloop==0.22.1,,0
	2026-05-06T02:35:12.3724404Z, + watchfiles==1.1.1,,0
	2026-05-06T02:35:12.4233108Z, + websockets==16.0,,0
	2026-05-06T02:35:12.4884071Z, + yfinance==0.2.54,,0
	2026-05-06T02:35:12.5957290Z,uv pip install done in 229 sec(s).,,0
	2026-05-06T02:35:12.6564678Z,Not a vso image&comma; so not writing build commands,,0
	2026-05-06T02:35:12.7314758Z,,,0
	2026-05-06T02:35:12.7604266Z,Copying 'requirements.txt' to destination directory...,,0
	2026-05-06T02:35:12.7799589Z,Done copying requirements.txt to destination directory.,,0
	2026-05-06T02:35:12.8092371Z,Build script snippets done in 251 sec(s).,,0
	2026-05-06T02:35:12.8404609Z,Preparing output...,,0
	2026-05-06T02:35:12.9159033Z,Compressing source directory directly to destination (optimized path)...,,0
	2026-05-06T02:35:12.9560810Z,Using zstd for compression,,0
	2026-05-06T02:35:34.6214415Z,Copied the compressed output to '/home/site/wwwroot',,0
	2026-05-06T02:35:34.6977860Z,Direct compression with zstd done in 26 sec(s).,,0
	2026-05-06T02:35:34.7558017Z,,,0
	2026-05-06T02:35:34.7892048Z,Removing existing manifest file,,0
	2026-05-06T02:35:34.8231225Z,Creating a manifest file...,,0
	2026-05-06T02:35:34.8430914Z,Manifest file created.,,0
	2026-05-06T02:35:34.9166404Z,Copying .ostype to manifest output directory.,,0
	2026-05-06T02:35:34.9696701Z,,,0
	2026-05-06T02:35:35.0242806Z,Total execution done in 311 sec(s).,,0
2026-05-06T02:35:35.7307543Z,Running post deployment command(s)...,243da846-90b4-4660-a1bd-837ad376d770,0
2026-05-06T02:35:35.8906588Z,,9da3d87d-776c-4d25-8957-310a6687d0d6,0
2026-05-06T02:35:36.0019457Z,Generating summary of Oryx build,7c33e1a8-6604-4390-98d0-186fa77f2074,0
2026-05-06T02:35:36.1705309Z,Parsing the build logs,4cc291ee-d415-4126-bcfa-fa7e47b8e987,0
2026-05-06T02:35:36.3154352Z,Found 0 issue(s),4b875b16-30be-402b-a5d7-267044c1024e,0
2026-05-06T02:35:36.4351763Z,,89c857ba-a7f2-4e22-8fc1-675b863a7ab1,0
2026-05-06T02:35:36.5639330Z,Build Summary :,c26c8cc4-bc5b-47ba-8501-a0b0d3591780,0
2026-05-06T02:35:36.6958365Z,===============,79523c28-f53b-44f9-9a32-b8eb12c8fcd5,0
2026-05-06T02:35:36.8515960Z,Errors (0),de5eaf34-65aa-46c1-8b8c-6caaf1563f82,0
2026-05-06T02:35:37.0256808Z,Warnings (0),e42bc8e2-a5dd-4330-a86a-362f4b043359,0
2026-05-06T02:35:37.1490538Z,,7387dd6e-1aa7-4926-8000-c0000bab1d64,0
2026-05-06T02:35:37.3778788Z,Triggering container recycle for OneDeploy by adding/updating restartTrigger.txt to the site root path,53bbb12b-c015-4203-ade1-ecd3a456da0c,0
2026-05-06T02:35:37.5721895Z,Deployment successful. deployer = OneDeploy deploymentPath = OneDeploy,108bad8a-a6ad-493c-a029-1ae2b16adfca,0
