2026-05-06T10:45:52.4216941Z     __ __          __      __    _ __     
2026-05-06T10:45:52.4895185Z    / //_/_  _ ____/ /_  __/ /   (_) /____ 
2026-05-06T10:45:52.4895377Z   / ,< / / / / __  / / / / /   / / __/ _  
2026-05-06T10:45:52.4895406Z  / /| / /_/ / /_/ / /_/ / /___/ / /_/  __/
2026-05-06T10:45:52.4895427Z /_/ |_\__,_/\__,_/\__,_/_____/_/\__/\___/ 
2026-05-06T10:45:52.4895445Z 
2026-05-06T10:45:52.4895482Z                                           
2026-05-06T10:45:52.4895503Z DEBUG CONSOLE | AZURE APP SERVICE ON LINUX
2026-05-06T10:45:52.4895520Z 
2026-05-06T10:45:52.4895540Z Documentation: http://aka.ms/webapp-linux
2026-05-06T10:45:52.4895584Z Kudu Version : 20260420.5
2026-05-06T10:45:52.4895609Z Commit       : 7a094e2df1cfed4581bd19068ff5e3be7c578796
2026-05-06T10:45:52.4895629Z Instance Name: lw0sdlwk0004FG
2026-05-06T10:45:52.4895657Z Instance Id  : 69714b9244868ab3fa941a1572388f1039acf35c7342e232e0bbca0bb22ebc1a
2026-05-06T10:45:52.4895675Z 
2026-05-06T10:45:53.2967966Z chown: changing ownership of '/temp': Operation not permitted
2026-05-06T10:45:53.3197936Z chmod: changing permissions of '/temp': Operation not permitted
2026-05-06T10:45:55.3336616Z Restarting OpenBSD Secure Shell server: sshd.
2026-05-06T10:45:55.4635603Z node not running, starting node /opt/webssh/index.js
2026-05-06T10:46:15.3461664Z Wed May 6 10:46:15 UTC 2026 running .net core
2026-05-06T10:46:19.6603500Z Startup : 10.46.19.559960
2026-05-06T10:46:19.7681356Z Configure Services : 10.46.19.767888
2026-05-06T10:46:20.8068372Z Configure : 10.46.20.806664
2026-05-06T10:46:22.1941353Z Setting Up Routes : 10.46.22.193882
2026-05-06T10:46:22.5589623Z Exiting Configure : 10.46.22.558450
2026-05-06T10:46:24.1932775Z Hosting environment: Production
2026-05-06T10:46:24.1948904Z Content root path: /opt/Kudu
2026-05-06T10:46:24.2327880Z Now listening on: http://0.0.0.0:8181
2026-05-06T10:46:24.2328036Z Application started. Press Ctrl+C to shut down.
2026-05-06T10:55:53.6331890Z Deploy Async
2026-05-06T10:55:58.7066632Z Operation performed by Microsoft Oryx, https://github.com/Microsoft/Oryx
2026-05-06T10:55:58.7859290Z You can report issues at https://github.com/Microsoft/Oryx/issues
2026-05-06T10:55:58.8353491Z 
2026-05-06T10:55:58.8654257Z Oryx Version: 0.2.20260420.1+83c04e9ee1882dc90d279b63348824daedbd3c96, Commit: 83c04e9ee1882dc90d279b63348824daedbd3c96, ReleaseTagName: 20260420.1
2026-05-06T10:55:58.9343265Z 
2026-05-06T10:55:58.9666792Z Build Operation ID: 91c2f7547fde498b
2026-05-06T10:55:59.0028916Z Repository Commit : 80be2013-71f9-4d1a-8769-53d8793e5306
2026-05-06T10:55:59.0437946Z OS Type           : bullseye
2026-05-06T10:55:59.0926352Z Image Type        : githubactions
2026-05-06T10:55:59.1428421Z 
2026-05-06T10:55:59.1816330Z Primary SDK Storage URL: https://oryx-cdn.microsoft.io
2026-05-06T10:55:59.2400732Z Backup SDK Storage URL: 
2026-05-06T10:55:59.2716295Z ACR SDK Registry URL: (not set)
2026-05-06T10:55:59.3216347Z SDK provider status:
2026-05-06T10:55:59.4007312Z   External ACR SDK provider: Disabled
2026-05-06T10:55:59.4481080Z   External SDK provider: Enabled
2026-05-06T10:55:59.4768956Z   Direct ACR SDK provider: Disabled
2026-05-06T10:55:59.5143440Z   Blob SDK provider: Enabled
2026-05-06T10:55:59.5533120Z Detecting platforms...
2026-05-06T10:55:59.5741583Z Requesting metadata for platform python from external SDK provider
2026-05-06T10:56:00.4707999Z Requesting metadata for platform python from external SDK provider
2026-05-06T10:56:01.4640766Z Version resolved using external SDK provider.
2026-05-06T10:56:01.8392174Z Detected following platforms:
2026-05-06T10:56:01.8938202Z   python: 3.12.13
2026-05-06T10:56:02.0215983Z Requesting metadata for platform python from external SDK provider
2026-05-06T10:56:07.3577293Z .
2026-05-06T10:56:07.3582468Z SDK for 'python' version '3.12.13' fetched via external SDK provider.
2026-05-06T10:56:07.4066660Z Version '3.12.13' of platform 'python' is not installed. Generating script to install it...
2026-05-06T10:56:07.9125278Z 
2026-05-06T10:56:08.0235020Z Using intermediate directory '/tmp/8deab5e0c3ef9f8'.
2026-05-06T10:56:08.0814947Z 
2026-05-06T10:56:08.1141728Z Copying files to the intermediate directory...
2026-05-06T10:56:08.2884598Z Copying files to intermediate directory done in 0 sec(s).
2026-05-06T10:56:08.3380890Z 
2026-05-06T10:56:08.3802943Z Source directory     : /tmp/8deab5e0c3ef9f8
2026-05-06T10:56:08.4564872Z Destination directory: /home/site/wwwroot
2026-05-06T10:56:08.5192315Z 
2026-05-06T10:56:08.6052951Z Installing platform...
2026-05-06T10:56:08.6766673Z 
2026-05-06T10:56:08.7161187Z Downloading and extracting 'python' version '3.12.13' to '/tmp/oryx/platforms/python/3.12.13'...
2026-05-06T10:56:08.7726928Z Detected image debian flavor: bullseye.
2026-05-06T10:56:08.8223684Z SDK binary download was skipped. Looking for cached tarball...
2026-05-06T10:56:08.8455143Z Found tarball at /var/OryxSdks/python/python-bullseye-3.12.13.tar.gz
2026-05-06T10:56:34.9595028Z ......................
2026-05-06T10:56:34.9605100Z Successfully extracted python version 3.12.13 from cached tarball.
2026-05-06T10:56:35.1412049Z 
2026-05-06T10:56:35.2025296Z image detector file exists, platform is python..
2026-05-06T10:56:35.2475274Z OS detector file exists, OS is bullseye..
2026-05-06T10:56:35.3093250Z Platform installation done in 27 sec(s).
2026-05-06T10:56:35.6927069Z Running build script snippets...
2026-05-06T10:56:35.7760296Z Python Version: /tmp/oryx/platforms/python/3.12.13/bin/python3.12
2026-05-06T10:56:35.8310749Z Creating directory for command manifest file if it does not exist
2026-05-06T10:56:35.9053075Z Removing existing manifest file
2026-05-06T10:56:35.9659518Z Python Virtual Environment: antenv
2026-05-06T10:56:36.0136058Z Creating virtual environment...
2026-05-06T10:56:36.0835156Z Executing: /tmp/oryx/platforms/python/3.12.13/bin/python3.12 -m venv antenv --copies --system-site-packages
2026-05-06T10:56:52.0586435Z ...........
2026-05-06T10:56:52.0615414Z Activating virtual environment...
2026-05-06T10:56:52.1614525Z Fast build is enabled
2026-05-06T10:56:52.2181845Z Installing uv...
2026-05-06T10:56:55.5704238Z Collecting uv
2026-05-06T10:56:55.6380145Z   Using cached uv-0.11.10-py3-none-manylinux_2_17_x86_64.manylinux2014_x86_64.whl.metadata (11 kB)
2026-05-06T10:56:55.7123237Z Using cached uv-0.11.10-py3-none-manylinux_2_17_x86_64.manylinux2014_x86_64.whl (24.7 MB)
2026-05-06T10:56:56.3717294Z Installing collected packages: uv
2026-05-06T10:56:58.0792837Z Successfully installed uv-0.11.10
2026-05-06T10:56:58.4185805Z 
2026-05-06T10:56:58.4396176Z [notice] A new release of pip is available: 25.0.1 -> 26.1.1
2026-05-06T10:56:58.4802796Z [notice] To update, run: pip install --upgrade pip
2026-05-06T10:56:59.0264940Z Running uv pip install...
2026-05-06T10:59:35.8673892Z ......................................................................................................................................................
2026-05-06T10:59:35.8733596Z Using Python 3.12.13 environment at: antenv
2026-05-06T10:59:35.9526252Z Resolved 40 packages in 1.61s
2026-05-06T10:59:35.9919960Z Downloading pandas (10.4MiB)
2026-05-06T10:59:36.0428940Z Downloading uvloop (4.2MiB)
2026-05-06T10:59:36.0740548Z Downloading pydantic-core (2.0MiB)
2026-05-06T10:59:36.1254250Z Downloading numpy (15.9MiB)
2026-05-06T10:59:36.2408588Z  Downloaded pydantic-core
2026-05-06T10:59:36.3017509Z  Downloaded uvloop
2026-05-06T10:59:36.3313579Z  Downloaded numpy
2026-05-06T10:59:36.3995773Z  Downloaded pandas
2026-05-06T10:59:36.4576657Z Prepared 40 packages in 6.70s
2026-05-06T10:59:36.9805372Z Installed 40 packages in 672ms
2026-05-06T10:59:37.1179627Z Bytecode compiled 2925 files in 2m 27s
2026-05-06T10:59:37.3051505Z  + aiofiles==24.1.0
2026-05-06T10:59:37.3546149Z  + annotated-types==0.7.0
2026-05-06T10:59:37.4147121Z  + anyio==4.13.0
2026-05-06T10:59:37.5095831Z  + beautifulsoup4==4.14.3
2026-05-06T10:59:37.6400923Z  + certifi==2026.4.22
2026-05-06T10:59:37.7080971Z  + charset-normalizer==3.4.7
2026-05-06T10:59:37.7576911Z  + click==8.3.3
2026-05-06T10:59:37.7885471Z  + fastapi==0.116.1
2026-05-06T10:59:37.8391098Z  + frozendict==2.4.7
2026-05-06T10:59:37.8799447Z  + h11==0.16.0
2026-05-06T10:59:37.9293456Z  + httpcore==1.0.9
2026-05-06T10:59:37.9769141Z  + httptools==0.7.1
2026-05-06T10:59:38.0094957Z  + httpx==0.28.1
2026-05-06T10:59:38.1333464Z  + idna==3.13
2026-05-06T10:59:38.2324920Z  + jinja2==3.1.6
2026-05-06T10:59:38.2677521Z  + markupsafe==3.0.3
2026-05-06T10:59:38.3275169Z  + multitasking==0.0.13
2026-05-06T10:59:38.3821930Z  + numpy==2.4.4
2026-05-06T10:59:38.4438993Z  + pandas==3.0.2
2026-05-06T10:59:38.5000564Z  + peewee==4.0.5
2026-05-06T10:59:38.5305523Z  + platformdirs==4.9.6
2026-05-06T10:59:38.6081533Z  + pydantic==2.13.3
2026-05-06T10:59:38.7256188Z  + pydantic-core==2.46.3
2026-05-06T10:59:38.7935328Z  + python-dateutil==2.9.0.post0
2026-05-06T10:59:38.8465154Z  + python-dotenv==1.2.2
2026-05-06T10:59:38.9310695Z  + python-multipart==0.0.20
2026-05-06T10:59:38.9690182Z  + pytz==2026.2
2026-05-06T10:59:39.0494274Z  + pyyaml==6.0.3
2026-05-06T10:59:39.0886147Z  + requests==2.33.1
2026-05-06T10:59:39.1573083Z  + six==1.17.0
2026-05-06T10:59:39.2251255Z  + soupsieve==2.8.3
2026-05-06T10:59:39.3221713Z  + starlette==0.47.3
2026-05-06T10:59:39.3782138Z  + typing-extensions==4.15.0
2026-05-06T10:59:39.4333661Z  + typing-inspection==0.4.2
2026-05-06T10:59:39.4877028Z  + urllib3==2.6.3
2026-05-06T10:59:39.5428999Z  + uvicorn==0.35.0
2026-05-06T10:59:39.6754751Z  + uvloop==0.22.1
2026-05-06T10:59:39.7629417Z  + watchfiles==1.1.1
2026-05-06T10:59:39.8708918Z  + websockets==16.0
2026-05-06T10:59:39.9667185Z  + yfinance==0.2.54
2026-05-06T10:59:40.1549795Z uv pip install done in 163 sec(s).
2026-05-06T10:59:40.3200431Z Not a vso image, so not writing build commands
2026-05-06T10:59:40.3792356Z 
2026-05-06T10:59:40.4299453Z Copying 'requirements.txt' to destination directory...
2026-05-06T10:59:40.4699279Z Done copying requirements.txt to destination directory.
2026-05-06T10:59:40.5401022Z Build script snippets done in 181 sec(s).
2026-05-06T10:59:40.6271392Z Preparing output...
2026-05-06T10:59:40.7008622Z Compressing source directory directly to destination (optimized path)...
2026-05-06T10:59:40.8104567Z Using zstd for compression
2026-05-06T10:59:58.7076292Z .............
2026-05-06T10:59:58.7076640Z Copied the compressed output to '/home/site/wwwroot'
2026-05-06T10:59:58.8179082Z Direct compression with zstd done in 22 sec(s).
2026-05-06T10:59:58.8883798Z 
2026-05-06T10:59:58.9454908Z Removing existing manifest file
2026-05-06T10:59:59.0028753Z Creating a manifest file...
2026-05-06T10:59:59.0516164Z Manifest file created.
2026-05-06T10:59:59.0904733Z Copying .ostype to manifest output directory.
2026-05-06T10:59:59.1480419Z 
2026-05-06T10:59:59.1695057Z Total execution done in 231 sec(s).
2026-05-06T11:04:23.6482575Z Deploy Async
2026-05-06T11:04:29.4007444Z Operation performed by Microsoft Oryx, https://github.com/Microsoft/Oryx
2026-05-06T11:04:29.4938655Z You can report issues at https://github.com/Microsoft/Oryx/issues
2026-05-06T11:04:29.6482135Z 
2026-05-06T11:04:29.6893924Z Oryx Version: 0.2.20260420.1+83c04e9ee1882dc90d279b63348824daedbd3c96, Commit: 83c04e9ee1882dc90d279b63348824daedbd3c96, ReleaseTagName: 20260420.1
2026-05-06T11:04:29.7594637Z 
2026-05-06T11:04:29.8856711Z Build Operation ID: 00887b630418c839
2026-05-06T11:04:29.9575147Z Repository Commit : e8183167-9f61-4ba4-a66b-1a16090f82db
2026-05-06T11:04:30.0553573Z OS Type           : bullseye
2026-05-06T11:04:30.1720730Z Image Type        : githubactions
2026-05-06T11:04:30.2528634Z 
2026-05-06T11:04:30.2901478Z Primary SDK Storage URL: https://oryx-cdn.microsoft.io
2026-05-06T11:04:30.3174525Z Backup SDK Storage URL: 
2026-05-06T11:04:30.3919405Z ACR SDK Registry URL: (not set)
2026-05-06T11:04:30.4592265Z SDK provider status:
2026-05-06T11:04:30.5299250Z   External ACR SDK provider: Disabled
2026-05-06T11:04:30.6551467Z   External SDK provider: Enabled
2026-05-06T11:04:30.7485869Z   Direct ACR SDK provider: Disabled
2026-05-06T11:04:30.7929866Z   Blob SDK provider: Enabled
2026-05-06T11:04:30.8425364Z Detecting platforms...
2026-05-06T11:04:30.8850398Z Requesting metadata for platform python from external SDK provider
2026-05-06T11:04:31.7622059Z Requesting metadata for platform python from external SDK provider
2026-05-06T11:04:32.4708159Z Version resolved using external SDK provider.
2026-05-06T11:04:32.5761269Z Detected following platforms:
2026-05-06T11:04:32.6162729Z   python: 3.12.13
2026-05-06T11:04:33.0715018Z 
2026-05-06T11:04:33.2307737Z Using intermediate directory '/tmp/8deab5f3c31ee93'.
2026-05-06T11:04:33.2815154Z 
2026-05-06T11:04:33.3033859Z Copying files to the intermediate directory...
2026-05-06T11:04:33.3629477Z Copying files to intermediate directory done in 0 sec(s).
2026-05-06T11:04:33.4023407Z 
2026-05-06T11:04:33.5630047Z Source directory     : /tmp/8deab5f3c31ee93
2026-05-06T11:04:33.6208802Z Destination directory: /home/site/wwwroot
2026-05-06T11:04:33.6625619Z 
2026-05-06T11:04:33.9297737Z Running build script snippets...
2026-05-06T11:04:33.9792200Z Python Version: /tmp/oryx/platforms/python/3.12.13/bin/python3.12
2026-05-06T11:04:34.0180890Z Creating directory for command manifest file if it does not exist
2026-05-06T11:04:34.0545462Z Removing existing manifest file
2026-05-06T11:04:34.1074461Z Python Virtual Environment: antenv
2026-05-06T11:04:34.2105551Z Creating virtual environment...
2026-05-06T11:04:34.3478533Z Executing: /tmp/oryx/platforms/python/3.12.13/bin/python3.12 -m venv antenv --copies --system-site-packages
2026-05-06T11:04:52.6758047Z ..............
2026-05-06T11:04:52.6932281Z Activating virtual environment...
2026-05-06T11:04:52.7756314Z Fast build is enabled
2026-05-06T11:04:52.8406763Z Installing uv...
2026-05-06T11:04:56.4188531Z Collecting uv
2026-05-06T11:04:56.4693058Z   Using cached uv-0.11.10-py3-none-manylinux_2_17_x86_64.manylinux2014_x86_64.whl.metadata (11 kB)
2026-05-06T11:04:56.5973283Z Using cached uv-0.11.10-py3-none-manylinux_2_17_x86_64.manylinux2014_x86_64.whl (24.7 MB)
2026-05-06T11:04:57.0841789Z Installing collected packages: uv
2026-05-06T11:04:58.9226130Z Successfully installed uv-0.11.10
2026-05-06T11:04:59.6002086Z 
2026-05-06T11:04:59.8553660Z [notice] A new release of pip is available: 25.0.1 -> 26.1.1
2026-05-06T11:04:59.8554519Z [notice] To update, run: pip install --upgrade pip
2026-05-06T11:05:00.6073009Z Running uv pip install...
2026-05-06T11:05:51.7448098Z ..............................................
2026-05-06T11:05:51.7448356Z Using Python 3.12.13 environment at: antenv
2026-05-06T11:05:51.8264581Z Resolved 40 packages in 1.12s
2026-05-06T11:05:51.8621595Z Installed 40 packages in 3.07s
2026-05-06T11:05:51.9297900Z Bytecode compiled 2925 files in 45.83s
2026-05-06T11:05:51.9941697Z  + aiofiles==24.1.0
2026-05-06T11:05:52.0284530Z  + annotated-types==0.7.0
2026-05-06T11:05:52.0884068Z  + anyio==4.13.0
2026-05-06T11:05:52.1351731Z  + beautifulsoup4==4.14.3
2026-05-06T11:05:52.2027411Z  + certifi==2026.4.22
2026-05-06T11:05:52.2721051Z  + charset-normalizer==3.4.7
2026-05-06T11:05:52.3058703Z  + click==8.3.3
2026-05-06T11:05:52.3277272Z  + fastapi==0.116.1
2026-05-06T11:05:52.3669489Z  + frozendict==2.4.7
2026-05-06T11:05:52.4539204Z  + h11==0.16.0
2026-05-06T11:05:52.4935164Z  + httpcore==1.0.9
2026-05-06T11:05:52.5525577Z  + httptools==0.7.1
2026-05-06T11:05:52.6115236Z  + httpx==0.28.1
2026-05-06T11:05:52.6622652Z  + idna==3.13
2026-05-06T11:05:52.7368723Z  + jinja2==3.1.6
2026-05-06T11:05:52.7985593Z  + markupsafe==3.0.3
2026-05-06T11:05:52.8570445Z  + multitasking==0.0.13
2026-05-06T11:05:52.9129162Z  + numpy==2.4.4
2026-05-06T11:05:52.9635338Z  + pandas==3.0.2
2026-05-06T11:05:53.0139831Z  + peewee==4.0.5
2026-05-06T11:05:53.0989307Z  + platformdirs==4.9.6
2026-05-06T11:05:53.1703751Z  + pydantic==2.13.3
2026-05-06T11:05:53.3383876Z  + pydantic-core==2.46.3
2026-05-06T11:05:53.3476161Z  + python-dateutil==2.9.0.post0
2026-05-06T11:05:53.4046803Z  + python-dotenv==1.2.2
2026-05-06T11:05:53.4566636Z  + python-multipart==0.0.20
2026-05-06T11:05:53.5158540Z  + pytz==2026.2
2026-05-06T11:05:53.6519353Z  + pyyaml==6.0.3
2026-05-06T11:05:53.7100007Z  + requests==2.33.1
2026-05-06T11:05:53.7494948Z  + six==1.17.0
2026-05-06T11:05:53.8393466Z  + soupsieve==2.8.3
2026-05-06T11:05:53.9098965Z  + starlette==0.47.3
2026-05-06T11:05:53.9794797Z  + typing-extensions==4.15.0
2026-05-06T11:05:54.0201250Z  + typing-inspection==0.4.2
2026-05-06T11:05:54.0752553Z  + urllib3==2.6.3
2026-05-06T11:05:54.1140360Z  + uvicorn==0.35.0
2026-05-06T11:05:54.2212664Z  + uvloop==0.22.1
2026-05-06T11:05:54.2521935Z  + watchfiles==1.1.1
2026-05-06T11:05:54.3220752Z  + websockets==16.0
2026-05-06T11:05:54.3724017Z  + yfinance==0.2.54
2026-05-06T11:05:54.4385676Z uv pip install done in 59 sec(s).
2026-05-06T11:05:54.5073009Z Not a vso image, so not writing build commands
2026-05-06T11:05:54.5564077Z 
2026-05-06T11:05:54.6042797Z Copying 'requirements.txt' to destination directory...
2026-05-06T11:05:54.7583773Z Done copying requirements.txt to destination directory.
2026-05-06T11:05:54.8388009Z Build script snippets done in 79 sec(s).
2026-05-06T11:05:54.8936821Z Preparing output...
2026-05-06T11:05:54.9677180Z Compressing source directory directly to destination (optimized path)...
2026-05-06T11:05:55.0109460Z Using zstd for compression
2026-05-06T11:06:21.7122297Z ......................
2026-05-06T11:06:21.7122912Z Copied the compressed output to '/home/site/wwwroot'
2026-05-06T11:06:21.7934502Z Direct compression with zstd done in 29 sec(s).
2026-05-06T11:06:21.8150575Z 
2026-05-06T11:06:21.8728300Z Removing existing manifest file
2026-05-06T11:06:21.9127814Z Creating a manifest file...
2026-05-06T11:06:21.9873817Z Manifest file created.
2026-05-06T11:06:22.0379921Z Copying .ostype to manifest output directory.
2026-05-06T11:06:22.0761882Z 
2026-05-06T11:06:22.1074322Z Total execution done in 108 sec(s).
2026-05-06T11:22:03.8387971Z Deploy Async
2026-05-06T11:22:12.0408958Z Operation performed by Microsoft Oryx, https://github.com/Microsoft/Oryx
2026-05-06T11:22:12.1334914Z You can report issues at https://github.com/Microsoft/Oryx/issues
2026-05-06T11:22:12.2677052Z 
2026-05-06T11:22:12.3529837Z Oryx Version: 0.2.20260420.1+83c04e9ee1882dc90d279b63348824daedbd3c96, Commit: 83c04e9ee1882dc90d279b63348824daedbd3c96, ReleaseTagName: 20260420.1
2026-05-06T11:22:12.4496327Z 
2026-05-06T11:22:12.5744292Z Build Operation ID: 3323cb2bea5cfa90
2026-05-06T11:22:12.5931940Z Repository Commit : cefa036a-32cc-46ac-82c3-6403cd0b8d70
2026-05-06T11:22:12.6633638Z OS Type           : bullseye
2026-05-06T11:22:12.8180053Z Image Type        : githubactions
2026-05-06T11:22:12.8692584Z 
2026-05-06T11:22:12.9115048Z Primary SDK Storage URL: https://oryx-cdn.microsoft.io
2026-05-06T11:22:12.9608585Z Backup SDK Storage URL: 
2026-05-06T11:22:13.0294380Z ACR SDK Registry URL: (not set)
2026-05-06T11:22:13.0964123Z SDK provider status:
2026-05-06T11:22:13.2741329Z   External ACR SDK provider: Disabled
2026-05-06T11:22:13.3064167Z   External SDK provider: Enabled
2026-05-06T11:22:13.3621156Z   Direct ACR SDK provider: Disabled
2026-05-06T11:22:13.4202195Z   Blob SDK provider: Enabled
2026-05-06T11:22:13.4993122Z Detecting platforms...
2026-05-06T11:22:13.5868438Z Requesting metadata for platform python from external SDK provider
2026-05-06T11:22:14.5535889Z Requesting metadata for platform python from external SDK provider
2026-05-06T11:22:15.4642416Z Version resolved using external SDK provider.
2026-05-06T11:22:17.9385885Z Detected following platforms:
2026-05-06T11:22:18.1019485Z   python: 3.12.13
2026-05-06T11:22:18.2922762Z 
2026-05-06T11:22:18.3854824Z Using intermediate directory '/tmp/8deab61b47dc485'.
2026-05-06T11:22:18.5734076Z 
2026-05-06T11:22:18.6030269Z Copying files to the intermediate directory...
2026-05-06T11:22:18.6854937Z Copying files to intermediate directory done in 1 sec(s).
2026-05-06T11:22:18.7880150Z 
2026-05-06T11:22:18.8833457Z Source directory     : /tmp/8deab61b47dc485
2026-05-06T11:22:19.0656744Z Destination directory: /home/site/wwwroot
2026-05-06T11:22:19.1499525Z 
2026-05-06T11:22:19.2487303Z Running build script snippets...
2026-05-06T11:22:19.5706495Z Python Version: /tmp/oryx/platforms/python/3.12.13/bin/python3.12
2026-05-06T11:22:19.7046101Z Creating directory for command manifest file if it does not exist
2026-05-06T11:22:19.7914291Z Removing existing manifest file
2026-05-06T11:22:19.9215112Z Python Virtual Environment: antenv
2026-05-06T11:22:20.1680915Z Creating virtual environment...
2026-05-06T11:22:20.2839694Z Executing: /tmp/oryx/platforms/python/3.12.13/bin/python3.12 -m venv antenv --copies --system-site-packages
2026-05-06T11:22:49.1715396Z ........................
2026-05-06T11:22:49.1715987Z Activating virtual environment...
2026-05-06T11:22:49.2509321Z Fast build is enabled
2026-05-06T11:22:49.2909648Z Installing uv...
2026-05-06T11:22:52.1744567Z Collecting uv
2026-05-06T11:22:52.2498114Z   Using cached uv-0.11.10-py3-none-manylinux_2_17_x86_64.manylinux2014_x86_64.whl.metadata (11 kB)
2026-05-06T11:22:52.3375999Z Using cached uv-0.11.10-py3-none-manylinux_2_17_x86_64.manylinux2014_x86_64.whl (24.7 MB)
2026-05-06T11:22:52.9683415Z Installing collected packages: uv
2026-05-06T11:22:54.9099921Z Successfully installed uv-0.11.10
2026-05-06T11:22:55.3301236Z 
2026-05-06T11:22:55.3700330Z [notice] A new release of pip is available: 25.0.1 -> 26.1.1
2026-05-06T11:22:55.4192169Z [notice] To update, run: pip install --upgrade pip
2026-05-06T11:22:55.7274938Z Running uv pip install...
2026-05-06T11:23:52.3528735Z ....................................................
2026-05-06T11:23:52.3547477Z Using Python 3.12.13 environment at: antenv
2026-05-06T11:23:52.4489989Z Resolved 40 packages in 912ms
2026-05-06T11:23:52.5329000Z Installed 40 packages in 807ms
2026-05-06T11:23:52.5329891Z Bytecode compiled 2925 files in 54.17s
2026-05-06T11:23:52.5419396Z  + aiofiles==24.1.0
2026-05-06T11:23:52.5762230Z  + annotated-types==0.7.0
2026-05-06T11:23:52.5914018Z  + anyio==4.13.0
2026-05-06T11:23:52.6688285Z  + beautifulsoup4==4.14.3
2026-05-06T11:23:52.7048621Z  + certifi==2026.4.22
2026-05-06T11:23:52.7565857Z  + charset-normalizer==3.4.7
2026-05-06T11:23:52.8045955Z  + click==8.3.3
2026-05-06T11:23:52.8539060Z  + fastapi==0.116.1
2026-05-06T11:23:52.8836754Z  + frozendict==2.4.7
2026-05-06T11:23:52.9417450Z  + h11==0.16.0
2026-05-06T11:23:53.0022287Z  + httpcore==1.0.9
2026-05-06T11:23:53.0187704Z  + httptools==0.7.1
2026-05-06T11:23:53.1591462Z  + httpx==0.28.1
2026-05-06T11:23:53.2479859Z  + idna==3.13
2026-05-06T11:23:53.2962883Z  + jinja2==3.1.6
2026-05-06T11:23:53.3386290Z  + markupsafe==3.0.3
2026-05-06T11:23:53.4281058Z  + multitasking==0.0.13
2026-05-06T11:23:53.5073472Z  + numpy==2.4.4
2026-05-06T11:23:53.5833372Z  + pandas==3.0.2
2026-05-06T11:23:53.6543986Z  + peewee==4.0.5
2026-05-06T11:23:53.7105279Z  + platformdirs==4.9.6
2026-05-06T11:23:53.7533016Z  + pydantic==2.13.3
2026-05-06T11:23:53.8203194Z  + pydantic-core==2.46.3
2026-05-06T11:23:53.8694481Z  + python-dateutil==2.9.0.post0
2026-05-06T11:23:53.9117106Z  + python-dotenv==1.2.2
2026-05-06T11:23:53.9769952Z  + python-multipart==0.0.20
2026-05-06T11:23:54.0282953Z  + pytz==2026.2
2026-05-06T11:23:54.1036087Z  + pyyaml==6.0.3
2026-05-06T11:23:54.1640929Z  + requests==2.33.1
2026-05-06T11:23:54.2320545Z  + six==1.17.0
2026-05-06T11:23:54.3286581Z  + soupsieve==2.8.3
2026-05-06T11:23:54.3911020Z  + starlette==0.47.3
2026-05-06T11:23:54.6077764Z  + typing-extensions==4.15.0
2026-05-06T11:23:54.6692106Z  + typing-inspection==0.4.2
2026-05-06T11:23:54.7263288Z  + urllib3==2.6.3
2026-05-06T11:23:54.7771946Z  + uvicorn==0.35.0
2026-05-06T11:23:54.8161788Z  + uvloop==0.22.1
2026-05-06T11:23:54.8537431Z  + watchfiles==1.1.1
2026-05-06T11:23:54.9147345Z  + websockets==16.0
2026-05-06T11:23:55.0031964Z  + yfinance==0.2.54
2026-05-06T11:23:55.1211997Z uv pip install done in 63 sec(s).
2026-05-06T11:23:55.2392611Z Not a vso image, so not writing build commands
2026-05-06T11:23:55.3182459Z 
2026-05-06T11:23:55.3761089Z Copying 'requirements.txt' to destination directory...
2026-05-06T11:23:55.4381401Z Done copying requirements.txt to destination directory.
2026-05-06T11:23:55.4979858Z Build script snippets done in 95 sec(s).
2026-05-06T11:23:55.6046676Z Preparing output...
2026-05-06T11:23:55.6907736Z Compressing source directory directly to destination (optimized path)...
2026-05-06T11:23:55.7681572Z Using zstd for compression
2026-05-06T11:24:22.0087579Z .....................
2026-05-06T11:24:22.0089799Z Copied the compressed output to '/home/site/wwwroot'
2026-05-06T11:24:22.0761374Z Direct compression with zstd done in 30 sec(s).
2026-05-06T11:24:22.1161794Z 
2026-05-06T11:24:22.1487204Z Removing existing manifest file
2026-05-06T11:24:22.2579909Z Creating a manifest file...
2026-05-06T11:24:22.2817037Z Manifest file created.
2026-05-06T11:24:22.3777821Z Copying .ostype to manifest output directory.
2026-05-06T11:24:22.4072101Z 
2026-05-06T11:24:22.4272070Z Total execution done in 126 sec(s).
