2026-05-06T10:55:54.0176770Z,Updating submodules.,f3baa6f5-7b3a-4fe9-8528-9ebf2691f896,0
2026-05-06T10:55:55.2087950Z,Preparing deployment for commit id '80be2013-7'.,ecacfb01-3be4-44c4-ad79-bbafd166764c,0
2026-05-06T10:55:55.5677435Z,PreDeployment: context.CleanOutputPath False,6338fcf8-8ddc-49a2-84e3-9036f8ed881b,0
2026-05-06T10:55:55.7350201Z,PreDeployment: context.OutputPath /home/site/wwwroot,3c7d685c-d234-4c3d-9e03-d3900994d681,0
2026-05-06T10:55:55.9017768Z,Repository path is /tmp/zipdeploy/extracted,db7ecffd-7868-4049-86ef-b4cbe1307782,0
2026-05-06T10:55:56.0659683Z,Running oryx build...,b8c7d452-0fbc-4add-8db1-b2c5d139ba37,0
	2026-05-06T10:55:56.1025321Z,Command: oryx build /tmp/zipdeploy/extracted -o /home/site/wwwroot --platform python --platform-version 3.12 -p virtualenv_name=antenv --log-file /tmp/build-debug.log  -i /tmp/8deab5e0c3ef9f8 --compress-destination-dir | tee /tmp/oryx-build.log,,0
	2026-05-06T10:55:58.7077617Z,Operation performed by Microsoft Oryx&comma; https://github.com/Microsoft/Oryx,,0
	2026-05-06T10:55:58.7866655Z,You can report issues at https://github.com/Microsoft/Oryx/issues,,0
	2026-05-06T10:55:58.8362966Z,,,0
	2026-05-06T10:55:58.8662776Z,Oryx Version: 0.2.20260420.1+83c04e9ee1882dc90d279b63348824daedbd3c96&comma; Commit: 83c04e9ee1882dc90d279b63348824daedbd3c96&comma; ReleaseTagName: 20260420.1,,0
	2026-05-06T10:55:58.9352059Z,,,0
	2026-05-06T10:55:58.9716176Z,Build Operation ID: 91c2f7547fde498b,,0
	2026-05-06T10:55:59.0034816Z,Repository Commit : 80be2013-71f9-4d1a-8769-53d8793e5306,,0
	2026-05-06T10:55:59.0446089Z,OS Type           : bullseye,,0
	2026-05-06T10:55:59.0932317Z,Image Type        : githubactions,,0
	2026-05-06T10:55:59.1435640Z,,,0
	2026-05-06T10:55:59.1990633Z,Primary SDK Storage URL: https://oryx-cdn.microsoft.io,,0
	2026-05-06T10:55:59.2412680Z,Backup SDK Storage URL: ,,0
	2026-05-06T10:55:59.2723789Z,ACR SDK Registry URL: (not set),,0
	2026-05-06T10:55:59.3213094Z,SDK provider status:,,0
	2026-05-06T10:55:59.4079492Z,  External ACR SDK provider: Disabled,,0
	2026-05-06T10:55:59.4500537Z,  External SDK provider: Enabled,,0
	2026-05-06T10:55:59.4771960Z,  Direct ACR SDK provider: Disabled,,0
	2026-05-06T10:55:59.5154010Z,  Blob SDK provider: Enabled,,0
	2026-05-06T10:55:59.5543752Z,Detecting platforms...,,0
	2026-05-06T10:55:59.5748125Z,Requesting metadata for platform python from external SDK provider,,0
	2026-05-06T10:56:00.4620320Z,Requesting metadata for platform python from external SDK provider,,0
	2026-05-06T10:56:01.4564353Z,Version resolved using external SDK provider.,,0
	2026-05-06T10:56:01.8401111Z,Detected following platforms:,,0
	2026-05-06T10:56:01.8943154Z,  python: 3.12.13,,0
	2026-05-06T10:56:02.0289301Z,Requesting metadata for platform python from external SDK provider,,0
	2026-05-06T10:56:07.3625555Z,SDK for 'python' version '3.12.13' fetched via external SDK provider.,,0
	2026-05-06T10:56:07.4069411Z,Version '3.12.13' of platform 'python' is not installed. Generating script to install it...,,0
	2026-05-06T10:56:07.9133881Z,,,0
	2026-05-06T10:56:08.0289648Z,Using intermediate directory '/tmp/8deab5e0c3ef9f8'.,,0
	2026-05-06T10:56:08.0824519Z,,,0
	2026-05-06T10:56:08.1130019Z,Copying files to the intermediate directory...,,0
	2026-05-06T10:56:08.2896897Z,Copying files to intermediate directory done in 0 sec(s).,,0
	2026-05-06T10:56:08.3392355Z,,,0
	2026-05-06T10:56:08.3859561Z,Source directory     : /tmp/8deab5e0c3ef9f8,,0
	2026-05-06T10:56:08.4558396Z,Destination directory: /home/site/wwwroot,,0
	2026-05-06T10:56:08.5349436Z,,,0
	2026-05-06T10:56:08.6049678Z,Installing platform...,,0
	2026-05-06T10:56:08.6833513Z,,,0
	2026-05-06T10:56:08.7229107Z,Downloading and extracting 'python' version '3.12.13' to '/tmp/oryx/platforms/python/3.12.13'...,,0
	2026-05-06T10:56:08.7735713Z,Detected image debian flavor: bullseye.,,0
	2026-05-06T10:56:08.8232478Z,SDK binary download was skipped. Looking for cached tarball...,,0
	2026-05-06T10:56:08.8522329Z,Found tarball at /var/OryxSdks/python/python-bullseye-3.12.13.tar.gz,,0
	2026-05-06T10:56:34.9798766Z,Successfully extracted python version 3.12.13 from cached tarball.,,0
	2026-05-06T10:56:35.1417817Z,,,0
	2026-05-06T10:56:35.2099965Z,image detector file exists&comma; platform is python..,,0
	2026-05-06T10:56:35.2481887Z,OS detector file exists&comma; OS is bullseye..,,0
	2026-05-06T10:56:35.3097516Z,Platform installation done in 27 sec(s).,,0
	2026-05-06T10:56:35.6986865Z,Running build script snippets...,,0
	2026-05-06T10:56:35.7692835Z,Python Version: /tmp/oryx/platforms/python/3.12.13/bin/python3.12,,0
	2026-05-06T10:56:35.8464386Z,Creating directory for command manifest file if it does not exist,,0
	2026-05-06T10:56:35.9057380Z,Removing existing manifest file,,0
	2026-05-06T10:56:35.9663970Z,Python Virtual Environment: antenv,,0
	2026-05-06T10:56:36.0141254Z,Creating virtual environment...,,0
	2026-05-06T10:56:36.0839917Z,Executing: /tmp/oryx/platforms/python/3.12.13/bin/python3.12 -m venv antenv --copies --system-site-packages,,0
	2026-05-06T10:56:52.0617928Z,Activating virtual environment...,,0
	2026-05-06T10:56:52.1619685Z,Fast build is enabled,,0
	2026-05-06T10:56:52.2186440Z,Installing uv...,,0
	2026-05-06T10:56:55.5713260Z,Collecting uv,,0
	2026-05-06T10:56:55.6392972Z,  Using cached uv-0.11.10-py3-none-manylinux_2_17_x86_64.manylinux2014_x86_64.whl.metadata (11 kB),,0
	2026-05-06T10:56:55.7177256Z,Using cached uv-0.11.10-py3-none-manylinux_2_17_x86_64.manylinux2014_x86_64.whl (24.7 MB),,0
	2026-05-06T10:56:56.3727584Z,Installing collected packages: uv,,0
	2026-05-06T10:56:58.0797064Z,Successfully installed uv-0.11.10,,0
	2026-05-06T10:56:58.4110567Z,,,1
	2026-05-06T10:56:58.4400853Z,[notice] A new release of pip is available: 25.0.1 -> 26.1.1,,1
	2026-05-06T10:56:58.4811369Z,[notice] To update&comma; run: pip install --upgrade pip,,1
	2026-05-06T10:56:59.0269096Z,Running uv pip install...,,0
	2026-05-06T10:59:35.8731331Z,Using Python 3.12.13 environment at: antenv,,0
	2026-05-06T10:59:35.9522750Z,Resolved 40 packages in 1.61s,,0
	2026-05-06T10:59:35.9931387Z,Downloading pandas (10.4MiB),,0
	2026-05-06T10:59:36.0266410Z,Downloading uvloop (4.2MiB),,0
	2026-05-06T10:59:36.0747463Z,Downloading pydantic-core (2.0MiB),,0
	2026-05-06T10:59:36.1261489Z,Downloading numpy (15.9MiB),,0
	2026-05-06T10:59:36.2411348Z, Downloaded pydantic-core,,0
	2026-05-06T10:59:36.3024823Z, Downloaded uvloop,,0
	2026-05-06T10:59:36.3421109Z, Downloaded numpy,,0
	2026-05-06T10:59:36.3992453Z, Downloaded pandas,,0
	2026-05-06T10:59:36.4584707Z,Prepared 40 packages in 6.70s,,0
	2026-05-06T10:59:36.9869828Z,Installed 40 packages in 672ms,,0
	2026-05-06T10:59:37.1187132Z,Bytecode compiled 2925 files in 2m 27s,,0
	2026-05-06T10:59:37.2954457Z, + aiofiles==24.1.0,,0
	2026-05-06T10:59:37.3547817Z, + annotated-types==0.7.0,,0
	2026-05-06T10:59:37.4149677Z, + anyio==4.13.0,,0
	2026-05-06T10:59:37.5098691Z, + beautifulsoup4==4.14.3,,0
	2026-05-06T10:59:37.6404630Z, + certifi==2026.4.22,,0
	2026-05-06T10:59:37.7084570Z, + charset-normalizer==3.4.7,,0
	2026-05-06T10:59:37.7496280Z, + click==8.3.3,,0
	2026-05-06T10:59:37.7888581Z, + fastapi==0.116.1,,0
	2026-05-06T10:59:37.8394464Z, + frozendict==2.4.7,,0
	2026-05-06T10:59:37.8803148Z, + h11==0.16.0,,0
	2026-05-06T10:59:37.9296828Z, + httpcore==1.0.9,,0
	2026-05-06T10:59:37.9772901Z, + httptools==0.7.1,,0
	2026-05-06T10:59:38.0098796Z, + httpx==0.28.1,,0
	2026-05-06T10:59:38.1239218Z, + idna==3.13,,0
	2026-05-06T10:59:38.2310069Z, + jinja2==3.1.6,,0
	2026-05-06T10:59:38.2681866Z, + markupsafe==3.0.3,,0
	2026-05-06T10:59:38.3279363Z, + multitasking==0.0.13,,0
	2026-05-06T10:59:38.3922215Z, + numpy==2.4.4,,0
	2026-05-06T10:59:38.4495834Z, + pandas==3.0.2,,0
	2026-05-06T10:59:38.4914506Z, + peewee==4.0.5,,0
	2026-05-06T10:59:38.5313732Z, + platformdirs==4.9.6,,0
	2026-05-06T10:59:38.6090575Z, + pydantic==2.13.3,,0
	2026-05-06T10:59:38.7266040Z, + pydantic-core==2.46.3,,0
	2026-05-06T10:59:38.7946068Z, + python-dateutil==2.9.0.post0,,0
	2026-05-06T10:59:38.8543402Z, + python-dotenv==1.2.2,,0
	2026-05-06T10:59:38.9322478Z, + python-multipart==0.0.20,,0
	2026-05-06T10:59:38.9697340Z, + pytz==2026.2,,0
	2026-05-06T10:59:39.0457305Z, + pyyaml==6.0.3,,0
	2026-05-06T10:59:39.0984547Z, + requests==2.33.1,,0
	2026-05-06T10:59:39.1635260Z, + six==1.17.0,,0
	2026-05-06T10:59:39.2324832Z, + soupsieve==2.8.3,,0
	2026-05-06T10:59:39.3234173Z, + starlette==0.47.3,,0
	2026-05-06T10:59:39.3885522Z, + typing-extensions==4.15.0,,0
	2026-05-06T10:59:39.4347161Z, + typing-inspection==0.4.2,,0
	2026-05-06T10:59:39.4887447Z, + urllib3==2.6.3,,0
	2026-05-06T10:59:39.5435691Z, + uvicorn==0.35.0,,0
	2026-05-06T10:59:39.6737730Z, + uvloop==0.22.1,,0
	2026-05-06T10:59:39.7598774Z, + watchfiles==1.1.1,,0
	2026-05-06T10:59:39.8635275Z, + websockets==16.0,,0
	2026-05-06T10:59:39.9688533Z, + yfinance==0.2.54,,0
	2026-05-06T10:59:40.1525275Z,uv pip install done in 163 sec(s).,,0
	2026-05-06T10:59:40.3216327Z,Not a vso image&comma; so not writing build commands,,0
	2026-05-06T10:59:40.3799939Z,,,0
	2026-05-06T10:59:40.4303096Z,Copying 'requirements.txt' to destination directory...,,0
	2026-05-06T10:59:40.4702711Z,Done copying requirements.txt to destination directory.,,0
	2026-05-06T10:59:40.5404867Z,Build script snippets done in 181 sec(s).,,0
	2026-05-06T10:59:40.6275627Z,Preparing output...,,0
	2026-05-06T10:59:40.7015048Z,Compressing source directory directly to destination (optimized path)...,,0
	2026-05-06T10:59:40.8111771Z,Using zstd for compression,,0
	2026-05-06T10:59:58.6991278Z,Copied the compressed output to '/home/site/wwwroot',,0
	2026-05-06T10:59:58.8175055Z,Direct compression with zstd done in 22 sec(s).,,0
	2026-05-06T10:59:58.8950925Z,,,0
	2026-05-06T10:59:58.9464217Z,Removing existing manifest file,,0
	2026-05-06T10:59:59.0039205Z,Creating a manifest file...,,0
	2026-05-06T10:59:59.0493722Z,Manifest file created.,,0
	2026-05-06T10:59:59.0978065Z,Copying .ostype to manifest output directory.,,0
	2026-05-06T10:59:59.1486445Z,,,0
	2026-05-06T10:59:59.1700666Z,Total execution done in 231 sec(s).,,0
2026-05-06T10:59:59.6101807Z,Running post deployment command(s)...,97c4b8b1-99db-4852-a37c-fd21bfc18969,0
2026-05-06T10:59:59.7838924Z,,03a2c2d9-3afc-4285-99a1-8b29f19f60cd,0
2026-05-06T10:59:59.9111404Z,Generating summary of Oryx build,0a4c2752-6d64-4f96-8f2a-b80ef28b8582,0
2026-05-06T11:00:00.1680778Z,Parsing the build logs,5e033ddf-09f4-405e-9842-2fcfda655c8a,0
2026-05-06T11:00:00.3818444Z,Found 0 issue(s),bcedadd0-6b88-40f7-8930-758c161097fe,0
2026-05-06T11:00:00.5319707Z,,6470c2f2-debf-4bac-8da1-ccef7ea4ef6e,0
2026-05-06T11:00:00.6807447Z,Build Summary :,b7b6c3d8-eaab-4fdd-b218-4c91caa596ae,0
2026-05-06T11:00:00.8655757Z,===============,83a200c9-c463-4b8e-9adb-5e808ea61518,0
2026-05-06T11:00:01.0023350Z,Errors (0),2211c824-a0fa-4598-ba41-3ce75cde5d03,0
2026-05-06T11:00:01.1534620Z,Warnings (0),b343bdec-242b-44ee-9efc-0f7053f5e5a2,0
2026-05-06T11:00:01.2887307Z,,9dd38b40-7152-4c6b-b206-75502552f9ec,0
2026-05-06T11:00:01.4500061Z,Triggering container recycle for OneDeploy by adding/updating restartTrigger.txt to the site root path,75769f84-a24f-4ca8-ac0e-d4235df0d2ee,0
2026-05-06T11:00:01.6656458Z,Deployment successful. deployer = OneDeploy deploymentPath = OneDeploy,85fd9e79-8907-43d5-bf89-673c802a8aa7,0
