2026-05-06T11:04:23.9492499Z,Updating submodules.,da26a70f-f138-4063-b361-81674be4802d,0
2026-05-06T11:04:25.1312134Z,Preparing deployment for commit id 'e8183167-9'.,9ffe48b5-0664-4208-9051-249dc5a77296,0
2026-05-06T11:04:25.5524895Z,PreDeployment: context.CleanOutputPath False,c3b4cf33-ca00-402d-aa73-352435f5ce5b,0
2026-05-06T11:04:25.7007823Z,PreDeployment: context.OutputPath /home/site/wwwroot,bffa15c4-4e5e-441c-96a8-bd90a0135f1a,0
2026-05-06T11:04:25.8901853Z,Repository path is /tmp/zipdeploy/extracted,5654f531-b142-4345-92b8-c848edf75197,0
2026-05-06T11:04:26.0250255Z,Running oryx build...,acb0cae2-7685-4029-83e7-3ff7bbd6a4cd,0
	2026-05-06T11:04:26.0660516Z,Command: oryx build /tmp/zipdeploy/extracted -o /home/site/wwwroot --platform python --platform-version 3.12 -p virtualenv_name=antenv --log-file /tmp/build-debug.log  -i /tmp/8deab5f3c31ee93 --compress-destination-dir | tee /tmp/oryx-build.log,,0
	2026-05-06T11:04:29.4022567Z,Operation performed by Microsoft Oryx&comma; https://github.com/Microsoft/Oryx,,0
	2026-05-06T11:04:29.5000800Z,You can report issues at https://github.com/Microsoft/Oryx/issues,,0
	2026-05-06T11:04:29.6192705Z,,,0
	2026-05-06T11:04:29.6890841Z,Oryx Version: 0.2.20260420.1+83c04e9ee1882dc90d279b63348824daedbd3c96&comma; Commit: 83c04e9ee1882dc90d279b63348824daedbd3c96&comma; ReleaseTagName: 20260420.1,,0
	2026-05-06T11:04:29.7658625Z,,,0
	2026-05-06T11:04:29.8748580Z,Build Operation ID: 00887b630418c839,,0
	2026-05-06T11:04:29.9635189Z,Repository Commit : e8183167-9f61-4ba4-a66b-1a16090f82db,,0
	2026-05-06T11:04:30.0810174Z,OS Type           : bullseye,,0
	2026-05-06T11:04:30.1734802Z,Image Type        : githubactions,,0
	2026-05-06T11:04:30.2559108Z,,,0
	2026-05-06T11:04:30.2910938Z,Primary SDK Storage URL: https://oryx-cdn.microsoft.io,,0
	2026-05-06T11:04:30.3329472Z,Backup SDK Storage URL: ,,0
	2026-05-06T11:04:30.3928819Z,ACR SDK Registry URL: (not set),,0
	2026-05-06T11:04:30.4601929Z,SDK provider status:,,0
	2026-05-06T11:04:30.5353306Z,  External ACR SDK provider: Disabled,,0
	2026-05-06T11:04:30.6624238Z,  External SDK provider: Enabled,,0
	2026-05-06T11:04:30.7486787Z,  Direct ACR SDK provider: Disabled,,0
	2026-05-06T11:04:30.7941108Z,  Blob SDK provider: Enabled,,0
	2026-05-06T11:04:30.8427283Z,Detecting platforms...,,0
	2026-05-06T11:04:30.8852060Z,Requesting metadata for platform python from external SDK provider,,0
	2026-05-06T11:04:31.7624548Z,Requesting metadata for platform python from external SDK provider,,0
	2026-05-06T11:04:32.4705238Z,Version resolved using external SDK provider.,,0
	2026-05-06T11:04:32.5769323Z,Detected following platforms:,,0
	2026-05-06T11:04:32.6171698Z,  python: 3.12.13,,0
	2026-05-06T11:04:33.0725681Z,,,0
	2026-05-06T11:04:33.2240548Z,Using intermediate directory '/tmp/8deab5f3c31ee93'.,,0
	2026-05-06T11:04:33.2813026Z,,,0
	2026-05-06T11:04:33.3041145Z,Copying files to the intermediate directory...,,0
	2026-05-06T11:04:33.3634051Z,Copying files to intermediate directory done in 0 sec(s).,,0
	2026-05-06T11:04:33.4020563Z,,,0
	2026-05-06T11:04:33.5407397Z,Source directory     : /tmp/8deab5f3c31ee93,,0
	2026-05-06T11:04:33.6218380Z,Destination directory: /home/site/wwwroot,,0
	2026-05-06T11:04:33.6696018Z,,,0
	2026-05-06T11:04:33.9368338Z,Running build script snippets...,,0
	2026-05-06T11:04:33.9857254Z,Python Version: /tmp/oryx/platforms/python/3.12.13/bin/python3.12,,0
	2026-05-06T11:04:34.0183681Z,Creating directory for command manifest file if it does not exist,,0
	2026-05-06T11:04:34.0549853Z,Removing existing manifest file,,0
	2026-05-06T11:04:34.1078360Z,Python Virtual Environment: antenv,,0
	2026-05-06T11:04:34.2126513Z,Creating virtual environment...,,0
	2026-05-06T11:04:34.3484187Z,Executing: /tmp/oryx/platforms/python/3.12.13/bin/python3.12 -m venv antenv --copies --system-site-packages,,0
	2026-05-06T11:04:52.6933231Z,Activating virtual environment...,,0
	2026-05-06T11:04:52.7735355Z,Fast build is enabled,,0
	2026-05-06T11:04:52.8409956Z,Installing uv...,,0
	2026-05-06T11:04:56.4194027Z,Collecting uv,,0
	2026-05-06T11:04:56.4696756Z,  Using cached uv-0.11.10-py3-none-manylinux_2_17_x86_64.manylinux2014_x86_64.whl.metadata (11 kB),,0
	2026-05-06T11:04:56.5982822Z,Using cached uv-0.11.10-py3-none-manylinux_2_17_x86_64.manylinux2014_x86_64.whl (24.7 MB),,0
	2026-05-06T11:04:57.0847476Z,Installing collected packages: uv,,0
	2026-05-06T11:04:58.9237836Z,Successfully installed uv-0.11.10,,0
	2026-05-06T11:04:59.5828867Z,,,1
	2026-05-06T11:04:59.6488868Z,[notice] A new release of pip is available: 25.0.1 -> 26.1.1,,1
	2026-05-06T11:04:59.6894548Z,[notice] To update&comma; run: pip install --upgrade pip,,1
	2026-05-06T11:05:00.6076303Z,Running uv pip install...,,0
	2026-05-06T11:05:51.7445851Z,Using Python 3.12.13 environment at: antenv,,0
	2026-05-06T11:05:51.8156729Z,Resolved 40 packages in 1.12s,,0
	2026-05-06T11:05:51.8618337Z,Installed 40 packages in 3.07s,,0
	2026-05-06T11:05:51.9290695Z,Bytecode compiled 2925 files in 45.83s,,0
	2026-05-06T11:05:51.9968224Z, + aiofiles==24.1.0,,0
	2026-05-06T11:05:52.0376839Z, + annotated-types==0.7.0,,0
	2026-05-06T11:05:52.0947342Z, + anyio==4.13.0,,0
	2026-05-06T11:05:52.1355201Z, + beautifulsoup4==4.14.3,,0
	2026-05-06T11:05:52.2033565Z, + certifi==2026.4.22,,0
	2026-05-06T11:05:52.2775240Z, + charset-normalizer==3.4.7,,0
	2026-05-06T11:05:52.3077642Z, + click==8.3.3,,0
	2026-05-06T11:05:52.3345045Z, + fastapi==0.116.1,,0
	2026-05-06T11:05:52.3677316Z, + frozendict==2.4.7,,0
	2026-05-06T11:05:52.4545403Z, + h11==0.16.0,,0
	2026-05-06T11:05:52.4946880Z, + httpcore==1.0.9,,0
	2026-05-06T11:05:52.5533896Z, + httptools==0.7.1,,0
	2026-05-06T11:05:52.6122698Z, + httpx==0.28.1,,0
	2026-05-06T11:05:52.6695780Z, + idna==3.13,,0
	2026-05-06T11:05:52.7376720Z, + jinja2==3.1.6,,0
	2026-05-06T11:05:52.8055678Z, + markupsafe==3.0.3,,0
	2026-05-06T11:05:52.8581001Z, + multitasking==0.0.13,,0
	2026-05-06T11:05:52.9068611Z, + numpy==2.4.4,,0
	2026-05-06T11:05:52.9643490Z, + pandas==3.0.2,,0
	2026-05-06T11:05:53.0130458Z, + peewee==4.0.5,,0
	2026-05-06T11:05:53.0998587Z, + platformdirs==4.9.6,,0
	2026-05-06T11:05:53.1713682Z, + pydantic==2.13.3,,0
	2026-05-06T11:05:53.3069754Z, + pydantic-core==2.46.3,,0
	2026-05-06T11:05:53.3488344Z, + python-dateutil==2.9.0.post0,,0
	2026-05-06T11:05:53.4055149Z, + python-dotenv==1.2.2,,0
	2026-05-06T11:05:53.4631448Z, + python-multipart==0.0.20,,0
	2026-05-06T11:05:53.5226582Z, + pytz==2026.2,,0
	2026-05-06T11:05:53.6536179Z, + pyyaml==6.0.3,,0
	2026-05-06T11:05:53.7104437Z, + requests==2.33.1,,0
	2026-05-06T11:05:53.7504093Z, + six==1.17.0,,0
	2026-05-06T11:05:53.8402115Z, + soupsieve==2.8.3,,0
	2026-05-06T11:05:53.9097031Z, + starlette==0.47.3,,0
	2026-05-06T11:05:53.9803787Z, + typing-extensions==4.15.0,,0
	2026-05-06T11:05:54.0297890Z, + typing-inspection==0.4.2,,0
	2026-05-06T11:05:54.0765359Z, + urllib3==2.6.3,,0
	2026-05-06T11:05:54.1153996Z, + uvicorn==0.35.0,,0
	2026-05-06T11:05:54.1745139Z, + uvloop==0.22.1,,0
	2026-05-06T11:05:54.2519164Z, + watchfiles==1.1.1,,0
	2026-05-06T11:05:54.3231241Z, + websockets==16.0,,0
	2026-05-06T11:05:54.3732069Z, + yfinance==0.2.54,,0
	2026-05-06T11:05:54.4397511Z,uv pip install done in 59 sec(s).,,0
	2026-05-06T11:05:54.5085127Z,Not a vso image&comma; so not writing build commands,,0
	2026-05-06T11:05:54.5573657Z,,,0
	2026-05-06T11:05:54.5943011Z,Copying 'requirements.txt' to destination directory...,,0
	2026-05-06T11:05:54.7593557Z,Done copying requirements.txt to destination directory.,,0
	2026-05-06T11:05:54.8450669Z,Build script snippets done in 79 sec(s).,,0
	2026-05-06T11:05:54.8945135Z,Preparing output...,,0
	2026-05-06T11:05:54.9686945Z,Compressing source directory directly to destination (optimized path)...,,0
	2026-05-06T11:05:55.0173247Z,Using zstd for compression,,0
	2026-05-06T11:06:21.7129038Z,Copied the compressed output to '/home/site/wwwroot',,0
	2026-05-06T11:06:21.7937239Z,Direct compression with zstd done in 29 sec(s).,,0
	2026-05-06T11:06:21.8128087Z,,,0
	2026-05-06T11:06:21.8462223Z,Removing existing manifest file,,0
	2026-05-06T11:06:21.9123059Z,Creating a manifest file...,,0
	2026-05-06T11:06:21.9881870Z,Manifest file created.,,0
	2026-05-06T11:06:22.0382391Z,Copying .ostype to manifest output directory.,,0
	2026-05-06T11:06:22.0764441Z,,,0
	2026-05-06T11:06:22.1076519Z,Total execution done in 108 sec(s).,,0
2026-05-06T11:06:22.7144068Z,Running post deployment command(s)...,4a915639-0f20-4efc-8a13-7926d7881acc,0
2026-05-06T11:06:22.8798408Z,,5a45e205-1485-43f7-b586-98b3560440d2,0
2026-05-06T11:06:23.0378130Z,Generating summary of Oryx build,2c3bb7d1-9156-4fda-aad7-530bb96d5320,0
2026-05-06T11:06:23.3184463Z,Parsing the build logs,37f4adbe-83f4-463e-86d2-457f5ee89918,0
2026-05-06T11:06:23.4920635Z,Found 0 issue(s),896ce99d-cadb-408d-bf68-7df912fbe2ed,0
2026-05-06T11:06:23.6506765Z,,6b347d14-9543-475a-bc94-5bcb24aecb28,0
2026-05-06T11:06:24.3645141Z,Build Summary :,4c343701-80f1-4b56-8f60-31825b1d3c22,0
2026-05-06T11:06:24.5114571Z,===============,87f5906a-bb29-4798-a466-1c85b36880a3,0
2026-05-06T11:06:24.6631360Z,Errors (0),cd1c1ba2-7013-47cb-9a83-f12330823f1c,0
2026-05-06T11:06:24.8080429Z,Warnings (0),533c2ab4-63f8-44cc-a184-d6ee5cb26877,0
2026-05-06T11:06:24.9433843Z,,468265db-b689-423f-ba14-7eb1ca238b95,0
2026-05-06T11:06:25.1371218Z,Triggering container recycle for OneDeploy by adding/updating restartTrigger.txt to the site root path,d9097947-c2b2-448d-9533-8bd64401527b,0
2026-05-06T11:06:25.3475345Z,Deployment successful. deployer = OneDeploy deploymentPath = OneDeploy,2b540062-13c1-4c99-9c58-8ed6630af66d,0
