2026-05-06T11:22:04.4749856Z,Updating submodules.,b32222ca-1a13-431c-937b-4d1037742b8e,0
2026-05-06T11:22:05.7161498Z,Preparing deployment for commit id 'cefa036a-3'.,dc0f7681-ffca-45ca-942e-1e5bbbbfaa3b,0
2026-05-06T11:22:06.4720022Z,PreDeployment: context.CleanOutputPath False,fbbea3ec-3bd1-4b22-9f1b-1eed35438d02,0
2026-05-06T11:22:06.7913081Z,PreDeployment: context.OutputPath /home/site/wwwroot,fb789095-e633-451b-afca-237e608a7717,0
2026-05-06T11:22:07.1243482Z,Repository path is /tmp/zipdeploy/extracted,d3bc6992-5bdb-4637-ae1a-8e760d90d79c,0
2026-05-06T11:22:07.4187270Z,Running oryx build...,bd78764e-845e-4ff4-bda7-c169098e06c9,0
	2026-05-06T11:22:07.4959621Z,Command: oryx build /tmp/zipdeploy/extracted -o /home/site/wwwroot --platform python --platform-version 3.12 -p virtualenv_name=antenv --log-file /tmp/build-debug.log  -i /tmp/8deab61b47dc485 --compress-destination-dir | tee /tmp/oryx-build.log,,0
	2026-05-06T11:22:12.0411262Z,Operation performed by Microsoft Oryx&comma; https://github.com/Microsoft/Oryx,,0
	2026-05-06T11:22:12.1392719Z,You can report issues at https://github.com/Microsoft/Oryx/issues,,0
	2026-05-06T11:22:12.2687557Z,,,0
	2026-05-06T11:22:12.3452914Z,Oryx Version: 0.2.20260420.1+83c04e9ee1882dc90d279b63348824daedbd3c96&comma; Commit: 83c04e9ee1882dc90d279b63348824daedbd3c96&comma; ReleaseTagName: 20260420.1,,0
	2026-05-06T11:22:12.4510014Z,,,0
	2026-05-06T11:22:12.5271289Z,Build Operation ID: 3323cb2bea5cfa90,,0
	2026-05-06T11:22:12.5955448Z,Repository Commit : cefa036a-32cc-46ac-82c3-6403cd0b8d70,,0
	2026-05-06T11:22:12.6666522Z,OS Type           : bullseye,,0
	2026-05-06T11:22:12.8242156Z,Image Type        : githubactions,,0
	2026-05-06T11:22:12.8702658Z,,,0
	2026-05-06T11:22:12.9180006Z,Primary SDK Storage URL: https://oryx-cdn.microsoft.io,,0
	2026-05-06T11:22:12.9676519Z,Backup SDK Storage URL: ,,0
	2026-05-06T11:22:13.0278564Z,ACR SDK Registry URL: (not set),,0
	2026-05-06T11:22:13.0771830Z,SDK provider status:,,0
	2026-05-06T11:22:13.2680006Z,  External ACR SDK provider: Disabled,,0
	2026-05-06T11:22:13.3061822Z,  External SDK provider: Enabled,,0
	2026-05-06T11:22:13.3710185Z,  Direct ACR SDK provider: Disabled,,0
	2026-05-06T11:22:13.4135025Z,  Blob SDK provider: Enabled,,0
	2026-05-06T11:22:13.5003264Z,Detecting platforms...,,0
	2026-05-06T11:22:13.5877155Z,Requesting metadata for platform python from external SDK provider,,0
	2026-05-06T11:22:14.5539641Z,Requesting metadata for platform python from external SDK provider,,0
	2026-05-06T11:22:15.4639089Z,Version resolved using external SDK provider.,,0
	2026-05-06T11:22:17.9378120Z,Detected following platforms:,,0
	2026-05-06T11:22:18.0950674Z,  python: 3.12.13,,0
	2026-05-06T11:22:18.2920065Z,,,0
	2026-05-06T11:22:18.3866508Z,Using intermediate directory '/tmp/8deab61b47dc485'.,,0
	2026-05-06T11:22:18.5266612Z,,,0
	2026-05-06T11:22:18.6023021Z,Copying files to the intermediate directory...,,0
	2026-05-06T11:22:18.7212744Z,Copying files to intermediate directory done in 1 sec(s).,,0
	2026-05-06T11:22:18.7863552Z,,,0
	2026-05-06T11:22:18.8851693Z,Source directory     : /tmp/8deab61b47dc485,,0
	2026-05-06T11:22:19.0706947Z,Destination directory: /home/site/wwwroot,,0
	2026-05-06T11:22:19.1582652Z,,,0
	2026-05-06T11:22:19.2554532Z,Running build script snippets...,,0
	2026-05-06T11:22:19.3624620Z,Python Version: /tmp/oryx/platforms/python/3.12.13/bin/python3.12,,0
	2026-05-06T11:22:19.7042426Z,Creating directory for command manifest file if it does not exist,,0
	2026-05-06T11:22:19.7910974Z,Removing existing manifest file,,0
	2026-05-06T11:22:19.9224759Z,Python Virtual Environment: antenv,,0
	2026-05-06T11:22:20.1665500Z,Creating virtual environment...,,0
	2026-05-06T11:22:20.2822008Z,Executing: /tmp/oryx/platforms/python/3.12.13/bin/python3.12 -m venv antenv --copies --system-site-packages,,0
	2026-05-06T11:22:49.1630905Z,Activating virtual environment...,,0
	2026-05-06T11:22:49.2517617Z,Fast build is enabled,,0
	2026-05-06T11:22:49.2918334Z,Installing uv...,,0
	2026-05-06T11:22:52.1784043Z,Collecting uv,,0
	2026-05-06T11:22:52.2507097Z,  Using cached uv-0.11.10-py3-none-manylinux_2_17_x86_64.manylinux2014_x86_64.whl.metadata (11 kB),,0
	2026-05-06T11:22:52.3379641Z,Using cached uv-0.11.10-py3-none-manylinux_2_17_x86_64.manylinux2014_x86_64.whl (24.7 MB),,0
	2026-05-06T11:22:52.9691572Z,Installing collected packages: uv,,0
	2026-05-06T11:22:54.9110046Z,Successfully installed uv-0.11.10,,0
	2026-05-06T11:22:55.2934453Z,,,1
	2026-05-06T11:22:55.3704128Z,[notice] A new release of pip is available: 25.0.1 -> 26.1.1,,1
	2026-05-06T11:22:55.4196338Z,[notice] To update&comma; run: pip install --upgrade pip,,1
	2026-05-06T11:22:55.7279016Z,Running uv pip install...,,0
	2026-05-06T11:23:52.3543030Z,Using Python 3.12.13 environment at: antenv,,0
	2026-05-06T11:23:52.4487878Z,Resolved 40 packages in 912ms,,0
	2026-05-06T11:23:52.5045154Z,Installed 40 packages in 807ms,,0
	2026-05-06T11:23:52.5255128Z,Bytecode compiled 2925 files in 54.17s,,0
	2026-05-06T11:23:52.5427174Z, + aiofiles==24.1.0,,0
	2026-05-06T11:23:52.5759456Z, + annotated-types==0.7.0,,0
	2026-05-06T11:23:52.5915269Z, + anyio==4.13.0,,0
	2026-05-06T11:23:52.6697677Z, + beautifulsoup4==4.14.3,,0
	2026-05-06T11:23:52.7057925Z, + certifi==2026.4.22,,0
	2026-05-06T11:23:52.7576694Z, + charset-normalizer==3.4.7,,0
	2026-05-06T11:23:52.8055921Z, + click==8.3.3,,0
	2026-05-06T11:23:52.8550730Z, + fastapi==0.116.1,,0
	2026-05-06T11:23:52.8921735Z, + frozendict==2.4.7,,0
	2026-05-06T11:23:52.9410639Z, + h11==0.16.0,,0
	2026-05-06T11:23:52.9803166Z, + httpcore==1.0.9,,0
	2026-05-06T11:23:53.0196511Z, + httptools==0.7.1,,0
	2026-05-06T11:23:53.1598524Z, + httpx==0.28.1,,0
	2026-05-06T11:23:53.2492278Z, + idna==3.13,,0
	2026-05-06T11:23:53.2977542Z, + jinja2==3.1.6,,0
	2026-05-06T11:23:53.3468765Z, + markupsafe==3.0.3,,0
	2026-05-06T11:23:53.4265615Z, + multitasking==0.0.13,,0
	2026-05-06T11:23:53.5137565Z, + numpy==2.4.4,,0
	2026-05-06T11:23:53.5827165Z, + pandas==3.0.2,,0
	2026-05-06T11:23:53.6547806Z, + peewee==4.0.5,,0
	2026-05-06T11:23:53.7111635Z, + platformdirs==4.9.6,,0
	2026-05-06T11:23:53.7537448Z, + pydantic==2.13.3,,0
	2026-05-06T11:23:53.8206983Z, + pydantic-core==2.46.3,,0
	2026-05-06T11:23:53.8700917Z, + python-dateutil==2.9.0.post0,,0
	2026-05-06T11:23:53.9181512Z, + python-dotenv==1.2.2,,0
	2026-05-06T11:23:53.9776307Z, + python-multipart==0.0.20,,0
	2026-05-06T11:23:54.0285914Z, + pytz==2026.2,,0
	2026-05-06T11:23:54.0941074Z, + pyyaml==6.0.3,,0
	2026-05-06T11:23:54.1645131Z, + requests==2.33.1,,0
	2026-05-06T11:23:54.2326667Z, + six==1.17.0,,0
	2026-05-06T11:23:54.3290168Z, + soupsieve==2.8.3,,0
	2026-05-06T11:23:54.3914653Z, + starlette==0.47.3,,0
	2026-05-06T11:23:54.6071487Z, + typing-extensions==4.15.0,,0
	2026-05-06T11:23:54.6583142Z, + typing-inspection==0.4.2,,0
	2026-05-06T11:23:54.7270294Z, + urllib3==2.6.3,,0
	2026-05-06T11:23:54.7777837Z, + uvicorn==0.35.0,,0
	2026-05-06T11:23:54.8167520Z, + uvloop==0.22.1,,0
	2026-05-06T11:23:54.8470959Z, + watchfiles==1.1.1,,0
	2026-05-06T11:23:54.9226855Z, + websockets==16.0,,0
	2026-05-06T11:23:55.0053541Z, + yfinance==0.2.54,,0
	2026-05-06T11:23:55.1221964Z,uv pip install done in 63 sec(s).,,0
	2026-05-06T11:23:55.2402077Z,Not a vso image&comma; so not writing build commands,,0
	2026-05-06T11:23:55.3195816Z,,,0
	2026-05-06T11:23:55.3795343Z,Copying 'requirements.txt' to destination directory...,,0
	2026-05-06T11:23:55.4393927Z,Done copying requirements.txt to destination directory.,,0
	2026-05-06T11:23:55.5052268Z,Build script snippets done in 95 sec(s).,,0
	2026-05-06T11:23:55.5952773Z,Preparing output...,,0
	2026-05-06T11:23:55.6929945Z,Compressing source directory directly to destination (optimized path)...,,0
	2026-05-06T11:23:55.7690436Z,Using zstd for compression,,0
	2026-05-06T11:24:22.0103194Z,Copied the compressed output to '/home/site/wwwroot',,0
	2026-05-06T11:24:22.0688929Z,Direct compression with zstd done in 30 sec(s).,,0
	2026-05-06T11:24:22.1160693Z,,,0
	2026-05-06T11:24:22.1485323Z,Removing existing manifest file,,0
	2026-05-06T11:24:22.2577709Z,Creating a manifest file...,,0
	2026-05-06T11:24:22.2815982Z,Manifest file created.,,0
	2026-05-06T11:24:22.3780697Z,Copying .ostype to manifest output directory.,,0
	2026-05-06T11:24:22.4071222Z,,,0
	2026-05-06T11:24:22.4270345Z,Total execution done in 126 sec(s).,,0
2026-05-06T11:24:22.7171246Z,Running post deployment command(s)...,e21b6574-70a6-4612-a885-cbe8c9292b4e,0
2026-05-06T11:24:22.8631804Z,,e3b1c729-8236-4745-b132-95c7d63fa8a2,0
2026-05-06T11:24:22.9934222Z,Generating summary of Oryx build,24717072-a657-49a1-99d5-46257212e3ba,0
2026-05-06T11:24:23.1773746Z,Parsing the build logs,c1de8ffb-6fd0-44a7-a7f1-985279739105,0
2026-05-06T11:24:23.3612815Z,Found 0 issue(s),b94fea65-1118-47e6-931a-07a4a6faee47,0
2026-05-06T11:24:23.5433652Z,,9d7bd558-622a-4973-96a1-9d4b42469386,0
2026-05-06T11:24:23.7511774Z,Build Summary :,3e5b36ad-6db0-4d02-986c-6eefab4d6bee,0
2026-05-06T11:24:23.9363663Z,===============,9ec37b94-88f5-4945-a6f9-05ed46bf3c12,0
2026-05-06T11:24:24.1289960Z,Errors (0),5aecbf7b-c671-467f-b13b-c9519836494a,0
2026-05-06T11:24:24.3725730Z,Warnings (0),cad1db13-4f64-4e6c-b4c7-323721d208ee,0
2026-05-06T11:24:24.6312168Z,,76abc63d-fb53-4d13-88fd-00eef3758a91,0
2026-05-06T11:24:24.9144964Z,Triggering container recycle for OneDeploy by adding/updating restartTrigger.txt to the site root path,e3172037-cb66-4b5b-a8c7-cec33f6e0f1c,0
2026-05-06T11:24:25.1809291Z,Deployment successful. deployer = OneDeploy deploymentPath = OneDeploy,68e6ad24-027f-44c7-a065-ab0f60b9659f,0
